Component: ARM Compiler 5.06 update 7 (build 960) Tool: armlink [4d3601]

==============================================================================

Section Cross References

    main.o(i.CopeSerial1Data1) refers to uart2.o(i.UART2_Put_Char) for UART2_Put_Char
    main.o(i.CopeSerial1Data2) refers to uart3.o(i.UART3_Put_Char) for UART3_Put_Char
    main.o(i.CopeSerial2Data1) refers to dio.o(i.LED_REVERSE) for LED_REVERSE
    main.o(i.CopeSerial2Data1) refers to main.o(.data) for ucRxCnt
    main.o(i.CopeSerial2Data1) refers to main.o(.bss) for ucRxBuffer
    main.o(i.CopeSerial2Data2) refers to dio.o(i.LED_REVERSE) for LED_REVERSE
    main.o(i.CopeSerial2Data2) refers to main.o(.data) for ucRxCnt2
    main.o(i.CopeSerial2Data2) refers to main.o(.bss) for ucRxBuffer2
    main.o(i.Pre_read) refers to bsp_spi_ad7606 .o(i.AD7606_Mak) for AD7606_Mak
    main.o(i.Pre_read) refers to bsp_spi_ad7606 .o(i.AD7606_Disp) for AD7606_Disp
    main.o(i.Pre_read) refers to main.o(i.V2P) for V2P
    main.o(i.Pre_read) refers to main.o(.data) for i
    main.o(i.Pre_read) refers to main.o(.bss) for Force1
    main.o(i.Read_Button) refers to stm32f10x_gpio.o(i.GPIO_ReadInputDataBit) for GPIO_ReadInputDataBit
    main.o(i.Read_Button) refers to printfa.o(i.__0printf) for __2printf
    main.o(i.Read_Button) refers to main.o(.data) for Button_Flag
    main.o(i.Text1) refers to bsp_mcp23017.o(i.fn_mcp23017_setports) for fn_mcp23017_setports
    main.o(i.Text1) refers to delay.o(i.delay_ms) for delay_ms
    main.o(i.Text1) refers to bsp_mcp23017_2.o(i.fn_mcp23017_2_setports) for fn_mcp23017_2_setports
    main.o(i.Text1) refers to main.o(.data) for i
    main.o(i.Text1) refers to main.o(.bss) for Td
    main.o(i.V2P) refers to f2d.o(.text) for __aeabi_f2d
    main.o(i.V2P) refers to dadd.o(.text) for __aeabi_dsub
    main.o(i.V2P) refers to dmul.o(.text) for __aeabi_dmul
    main.o(i.V2P) refers to d2f.o(.text) for __aeabi_d2f
    main.o(i.action) refers to qsort.o(.text) for qsort
    main.o(i.action) refers to bsp_mcp23017.o(i.fn_mcp23017_setports) for fn_mcp23017_setports
    main.o(i.action) refers to delay.o(i.delay_ms) for delay_ms
    main.o(i.action) refers to main.o(.data) for i
    main.o(i.action) refers to main.o(i.compare) for compare
    main.o(i.action) refers to main.o(.bss) for Pre_Pflag
    main.o(i.bubbleSort) refers to printfa.o(i.__0printf) for __2printf
    main.o(i.bubbleSort) refers to main.o(.bss) for Td
    main.o(i.bubbleSort) refers to main.o(.data) for Td_num0
    main.o(i.judge) refers to f2d.o(.text) for __aeabi_f2d
    main.o(i.judge) refers to dadd.o(.text) for __aeabi_dadd
    main.o(i.judge) refers to fadd.o(.text) for __aeabi_fsub
    main.o(i.judge) refers to cdrcmple.o(.text) for __aeabi_cdrcmple
    main.o(i.judge) refers to cfcmple.o(.text) for __aeabi_cfcmple
    main.o(i.judge) refers to bsp_mcp23017.o(i.fn_mcp23017_setports) for fn_mcp23017_setports
    main.o(i.judge) refers to main.o(.data) for i
    main.o(i.judge) refers to main.o(.bss) for Pre_des
    main.o(i.main) refers to scanf_fp.o(.text) for _scanf_real
    main.o(i.main) refers to delay.o(i.SysTick_init) for SysTick_init
    main.o(i.main) refers to uart1.o(i.uart_init) for uart_init
    main.o(i.main) refers to timer.o(i.TIM3_Int_Init) for TIM3_Int_Init
    main.o(i.main) refers to bsp_mcp23017.o(i.init_iic_mcp23017) for init_iic_mcp23017
    main.o(i.main) refers to bsp_mcp23017.o(i.fn_mcp23017_iodir) for fn_mcp23017_iodir
    main.o(i.main) refers to bsp_mcp23017.o(i.fn_mcp23017_setports) for fn_mcp23017_setports
    main.o(i.main) refers to bsp_spi_ad7606 .o(i.bsp_InitAD7606) for bsp_InitAD7606
    main.o(i.main) refers to key.o(i.KEY_Init) for KEY_Init
    main.o(i.main) refers to adc.o(i.Adc_Init) for Adc_Init
    main.o(i.main) refers to delay.o(i.delay_ms) for delay_ms
    main.o(i.main) refers to main.o(i.Pre_read) for Pre_read
    main.o(i.main) refers to __0sscanf.o(.text) for __0sscanf
    main.o(i.main) refers to f2d.o(.text) for __aeabi_f2d
    main.o(i.main) refers to printfa.o(i.__0printf) for __2printf
    main.o(i.main) refers to main.o(i.judge) for judge
    main.o(i.main) refers to uart1.o(.data) for USART_RX_STA
    main.o(i.main) refers to main.o(.bss) for Pre_des
    main.o(i.main) refers to main.o(.data) for c
    main.o(i.main) refers to uart1.o(.bss) for USART_RX_BUF
    main.o(i.pump_k) refers to adc.o(i.Get_Adc_Average) for Get_Adc_Average
    main.o(i.pump_k) refers to dfltui.o(.text) for __aeabi_ui2d
    main.o(i.pump_k) refers to dmul.o(.text) for __aeabi_dmul
    main.o(i.pump_k) refers to d2f.o(.text) for __aeabi_d2f
    main.o(i.pump_k) refers to f2d.o(.text) for __aeabi_f2d
    main.o(i.pump_k) refers to dadd.o(.text) for __aeabi_dsub
    main.o(i.pump_k) refers to printfa.o(i.__0printf) for __2printf
    main.o(i.pump_k) refers to cfcmple.o(.text) for __aeabi_cfcmple
    main.o(i.pump_k) refers to cfrcmple.o(.text) for __aeabi_cfrcmple
[...]
    Removing stm32f10x_usart.o(i.USART_DeInit), (156 bytes).
    Removing stm32f10x_usart.o(i.USART_GetFlagStatus), (26 bytes).
    Removing stm32f10x_usart.o(i.USART_HalfDuplexCmd), (24 bytes).
    Removing stm32f10x_usart.o(i.USART_IrDACmd), (24 bytes).
    Removing stm32f10x_usart.o(i.USART_IrDAConfig), (18 bytes).
    Removing stm32f10x_usart.o(i.USART_LINBreakDetectLengthConfig), (18 bytes).
    Removing stm32f10x_usart.o(i.USART_LINCmd), (24 bytes).
    Removing stm32f10x_usart.o(i.USART_OneBitMethodCmd), (24 bytes).
    Removing stm32f10x_usart.o(i.USART_OverSampling8Cmd), (22 bytes).
    Removing stm32f10x_usart.o(i.USART_ReceiverWakeUpCmd), (24 bytes).
    Removing stm32f10x_usart.o(i.USART_SendBreak), (10 bytes).
    Removing stm32f10x_usart.o(i.USART_SetAddress), (18 bytes).
    Removing stm32f10x_usart.o(i.USART_SetGuardTime), (16 bytes).
    Removing stm32f10x_usart.o(i.USART_SetPrescaler), (16 bytes).
    Removing stm32f10x_usart.o(i.USART_SmartCardCmd), (24 bytes).
    Removing stm32f10x_usart.o(i.USART_SmartCardNACKCmd), (24 bytes).
    Removing stm32f10x_usart.o(i.USART_StructInit), (24 bytes).
    Removing stm32f10x_usart.o(i.USART_WakeUpConfig), (18 bytes).
    Removing stm32f10x_spi.o(.rev16_text), (4 bytes).
    Removing stm32f10x_spi.o(.revsh_text), (4 bytes).
    Removing stm32f10x_spi.o(i.I2S_Cmd), (24 bytes).
    Removing stm32f10x_spi.o(i.I2S_Init), (232 bytes).
    Removing stm32f10x_spi.o(i.I2S_StructInit), (20 bytes).
    Removing stm32f10x_spi.o(i.SPI_BiDirectionalLineConfig), (28 bytes).
    Removing stm32f10x_spi.o(i.SPI_CalculateCRC), (24 bytes).
    Removing stm32f10x_spi.o(i.SPI_DataSizeConfig), (18 bytes).
    Removing stm32f10x_spi.o(i.SPI_GetCRC), (16 bytes).
    Removing stm32f10x_spi.o(i.SPI_GetCRCPolynomial), (6 bytes).
    Removing stm32f10x_spi.o(i.SPI_I2S_ClearFlag), (6 bytes).
    Removing stm32f10x_spi.o(i.SPI_I2S_ClearITPendingBit), (20 bytes).
    Removing stm32f10x_spi.o(i.SPI_I2S_DMACmd), (18 bytes).
    Removing stm32f10x_spi.o(i.SPI_I2S_DeInit), (88 bytes).
    Removing stm32f10x_spi.o(i.SPI_I2S_GetITStatus), (52 bytes).
    Removing stm32f10x_spi.o(i.SPI_I2S_ITConfig), (32 bytes).
    Removing stm32f10x_spi.o(i.SPI_NSSInternalSoftwareConfig), (30 bytes).
    Removing stm32f10x_spi.o(i.SPI_SSOutputCmd), (24 bytes).
    Removing stm32f10x_spi.o(i.SPI_StructInit), (24 bytes).
    Removing stm32f10x_spi.o(i.SPI_TransmitCRC), (10 bytes).
    Removing stm32f10x_tim.o(.rev16_text), (4 bytes).
    Removing stm32f10x_tim.o(.revsh_text), (4 bytes).
    Removing stm32f10x_tim.o(i.TI1_Config), (128 bytes).
    Removing stm32f10x_tim.o(i.TI2_Config), (152 bytes).
    Removing stm32f10x_tim.o(i.TI3_Config), (144 bytes).
    Removing stm32f10x_tim.o(i.TI4_Config), (152 bytes).
    Removing stm32f10x_tim.o(i.TIM_ARRPreloadConfig), (24 bytes).
    Removing stm32f10x_tim.o(i.TIM_BDTRConfig), (32 bytes).
    Removing stm32f10x_tim.o(i.TIM_BDTRStructInit), (18 bytes).
    Removing stm32f10x_tim.o(i.TIM_CCPreloadControl), (24 bytes).
    Removing stm32f10x_tim.o(i.TIM_CCxCmd), (30 bytes).
    Removing stm32f10x_tim.o(i.TIM_CCxNCmd), (30 bytes).
    Removing stm32f10x_tim.o(i.TIM_ClearOC1Ref), (18 bytes).
    Removing stm32f10x_tim.o(i.TIM_ClearOC2Ref), (24 bytes).
    Removing stm32f10x_tim.o(i.TIM_ClearOC3Ref), (18 bytes).
    Removing stm32f10x_tim.o(i.TIM_ClearOC4Ref), (24 bytes).
    Removing stm32f10x_tim.o(i.TIM_CounterModeConfig), (18 bytes).
    Removing stm32f10x_tim.o(i.TIM_CtrlPWMOutputs), (30 bytes).
    Removing stm32f10x_tim.o(i.TIM_DMACmd), (18 bytes).
    Removing stm32f10x_tim.o(i.TIM_DMAConfig), (10 bytes).
    Removing stm32f10x_tim.o(i.TIM_DeInit), (488 bytes).
    Removing stm32f10x_tim.o(i.TIM_ETRClockMode1Config), (54 bytes).
    Removing stm32f10x_tim.o(i.TIM_ETRClockMode2Config), (32 bytes).
    Removing stm32f10x_tim.o(i.TIM_ETRConfig), (28 bytes).
    Removing stm32f10x_tim.o(i.TIM_EncoderInterfaceConfig), (66 bytes).
    Removing stm32f10x_tim.o(i.TIM_ForcedOC1Config), (18 bytes).
    Removing stm32f10x_tim.o(i.TIM_ForcedOC2Config), (26 bytes).
    Removing stm32f10x_tim.o(i.TIM_ForcedOC3Config), (18 bytes).
    Removing stm32f10x_tim.o(i.TIM_ForcedOC4Config), (26 bytes).
    Removing stm32f10x_tim.o(i.TIM_GenerateEvent), (4 bytes).
    Removing stm32f10x_tim.o(i.TIM_GetCapture1), (6 bytes).
    Removing stm32f10x_tim.o(i.TIM_GetCapture2), (6 bytes).
    Removing stm32f10x_tim.o(i.TIM_GetCapture3), (6 bytes).
    Removing stm32f10x_tim.o(i.TIM_GetCapture4), (8 bytes).
    Removing stm32f10x_tim.o(i.TIM_GetCounter), (6 bytes).
    Removing stm32f10x_tim.o(i.TIM_GetFlagStatus), (18 bytes).
    Removing stm32f10x_tim.o(i.TIM_GetPrescaler), (6 bytes).
    Removing stm32f10x_tim.o(i.TIM_ICInit), (172 bytes).
    Removing stm32f10x_tim.o(i.TIM_ICStructInit), (18 bytes).
    Removing stm32f10x_tim.o(i.TIM_ITRxExternalClockConfig), (24 bytes).
    Removing stm32f10x_tim.o(i.TIM_InternalClockConfig), (12 bytes).
    Removing stm32f10x_tim.o(i.TIM_OC1FastConfig), (18 bytes).
    Removing stm32f10x_tim.o(i.TIM_OC1Init), (152 bytes).
    Removing stm32f10x_tim.o(i.TIM_OC1NPolarityConfig), (18 bytes).
    Removing stm32f10x_tim.o(i.TIM_OC1PolarityConfig), (18 bytes).
    Removing stm32f10x_tim.o(i.TIM_OC1PreloadConfig), (18 bytes).
    Removing stm32f10x_tim.o(i.TIM_OC2FastConfig), (26 bytes).
    Removing stm32f10x_tim.o(i.TIM_OC2Init), (164 bytes).
    Removing stm32f10x_tim.o(i.TIM_OC2NPolarityConfig), (26 bytes).
    Removing stm32f10x_tim.o(i.TIM_OC2PolarityConfig), (26 bytes).
    Removing stm32f10x_tim.o(i.TIM_OC2PreloadConfig), (26 bytes).
    Removing stm32f10x_tim.o(i.TIM_OC3FastConfig), (18 bytes).
    Removing stm32f10x_tim.o(i.TIM_OC3Init), (160 bytes).
    Removing stm32f10x_tim.o(i.TIM_OC3NPolarityConfig), (26 bytes).
    Removing stm32f10x_tim.o(i.TIM_OC3PolarityConfig), (26 bytes).
    Removing stm32f10x_tim.o(i.TIM_OC3PreloadConfig), (18 bytes).
    Removing stm32f10x_tim.o(i.TIM_OC4FastConfig), (26 bytes).
    Removing stm32f10x_tim.o(i.TIM_OC4Init), (124 bytes).
    Removing stm32f10x_tim.o(i.TIM_OC4PolarityConfig), (26 bytes).
    Removing stm32f10x_tim.o(i.TIM_OC4PreloadConfig), (26 bytes).
    Removing stm32f10x_tim.o(i.TIM_OCStructInit), (20 bytes).
    Removing stm32f10x_tim.o(i.TIM_PWMIConfig), (124 bytes).
    Removing stm32f10x_tim.o(i.TIM_PrescalerConfig), (6 bytes).
    Removing stm32f10x_tim.o(i.TIM_SelectCCDMA), (24 bytes).
    Removing stm32f10x_tim.o(i.TIM_SelectCOM), (24 bytes).
    Removing stm32f10x_tim.o(i.TIM_SelectHallSensor), (24 bytes).
    Removing stm32f10x_tim.o(i.TIM_SelectInputTrigger), (18 bytes).
    Removing stm32f10x_tim.o(i.TIM_SelectMasterSlaveMode), (18 bytes).
    Removing stm32f10x_tim.o(i.TIM_SelectOCxM), (82 bytes).
    Removing stm32f10x_tim.o(i.TIM_SelectOnePulseMode), (18 bytes).
    Removing stm32f10x_tim.o(i.TIM_SelectOutputTrigger), (18 bytes).
    Removing stm32f10x_tim.o(i.TIM_SelectSlaveMode), (18 bytes).
    Removing stm32f10x_tim.o(i.TIM_SetAutoreload), (4 bytes).
    Removing stm32f10x_tim.o(i.TIM_SetClockDivision), (18 bytes).
    Removing stm32f10x_tim.o(i.TIM_SetCompare1), (4 bytes).
    Removing stm32f10x_tim.o(i.TIM_SetCompare2), (4 bytes).
    Removing stm32f10x_tim.o(i.TIM_SetCompare3), (4 bytes).
    Removing stm32f10x_tim.o(i.TIM_SetCompare4), (6 bytes).
    Removing stm32f10x_tim.o(i.TIM_SetCounter), (4 bytes).
    Removing stm32f10x_tim.o(i.TIM_SetIC1Prescaler), (18 bytes).
    Removing stm32f10x_tim.o(i.TIM_SetIC2Prescaler), (26 bytes).
    Removing stm32f10x_tim.o(i.TIM_SetIC3Prescaler), (18 bytes).
    Removing stm32f10x_tim.o(i.TIM_SetIC4Prescaler), (26 bytes).
    Removing stm32f10x_tim.o(i.TIM_TIxExternalClockConfig), (62 bytes).
    Removing stm32f10x_tim.o(i.TIM_TimeBaseStructInit), (18 bytes).
    Removing stm32f10x_tim.o(i.TIM_UpdateDisableConfig), (24 bytes).
    Removing stm32f10x_tim.o(i.TIM_UpdateRequestConfig), (24 bytes).
    Removing startup_stm32f10x_md.o(HEAP), (512 bytes).
    Removing stm32f10x_adc.o(.rev16_text), (4 bytes).
    Removing stm32f10x_adc.o(.revsh_text), (4 bytes).
    Removing stm32f10x_adc.o(i.ADC_AnalogWatchdogCmd), (20 bytes).
    Removing stm32f10x_adc.o(i.ADC_AnalogWatchdogSingleChannelConfig), (16 bytes).
    Removing stm32f10x_adc.o(i.ADC_AnalogWatchdogThresholdsConfig), (6 bytes).
    Removing stm32f10x_adc.o(i.ADC_AutoInjectedConvCmd), (22 bytes).
    Removing stm32f10x_adc.o(i.ADC_ClearFlag), (6 bytes).
    Removing stm32f10x_adc.o(i.ADC_ClearITPendingBit), (10 bytes).
    Removing stm32f10x_adc.o(i.ADC_DMACmd), (22 bytes).
    Removing stm32f10x_adc.o(i.ADC_DiscModeChannelCountConfig), (24 bytes).
    Removing stm32f10x_adc.o(i.ADC_DiscModeCmd), (22 bytes).
    Removing stm32f10x_adc.o(i.ADC_ExternalTrigConvCmd), (22 bytes).
    Removing stm32f10x_adc.o(i.ADC_ExternalTrigInjectedConvCmd), (22 bytes).
    Removing stm32f10x_adc.o(i.ADC_ExternalTrigInjectedConvConfig), (16 bytes).
    Removing stm32f10x_adc.o(i.ADC_GetConversionValue), (8 bytes).
    Removing stm32f10x_adc.o(i.ADC_GetDualModeConversionValue), (12 bytes).
    Removing stm32f10x_adc.o(i.ADC_GetFlagStatus), (18 bytes).
    Removing stm32f10x_adc.o(i.ADC_GetITStatus), (36 bytes).
    Removing stm32f10x_adc.o(i.ADC_GetInjectedConversionValue), (28 bytes).
    Removing stm32f10x_adc.o(i.ADC_GetSoftwareStartConvStatus), (20 bytes).
    Removing stm32f10x_adc.o(i.ADC_GetSoftwareStartInjectedConvCmdStatus), (20 bytes).
    Removing stm32f10x_adc.o(i.ADC_ITConfig), (24 bytes).
    Removing stm32f10x_adc.o(i.ADC_InjectedChannelConfig), (130 bytes).
    Removing stm32f10x_adc.o(i.ADC_InjectedDiscModeCmd), (22 bytes).
    Removing stm32f10x_adc.o(i.ADC_InjectedSequencerLengthConfig), (24 bytes).
    Removing stm32f10x_adc.o(i.ADC_RegularChannelConfig), (184 bytes).
    Removing stm32f10x_adc.o(i.ADC_SetInjectedOffset), (20 bytes).
    Removing stm32f10x_adc.o(i.ADC_SoftwareStartConvCmd), (22 bytes).
    Removing stm32f10x_adc.o(i.ADC_SoftwareStartInjectedConvCmd), (22 bytes).
    Removing stm32f10x_adc.o(i.ADC_StructInit), (18 bytes).
    Removing stm32f10x_adc.o(i.ADC_TempSensorVrefintCmd), (36 bytes).
    Removing dfltui.o(.text), (26 bytes).
    Removing cfrcmple.o(.text), (20 bytes).

297 unused section(s) (total 13934 bytes) removed from the image.

==============================================================================

Image Symbol Table

    Local Symbols

    Symbol Name                              Value     Ov Type        Size  Object(Section)

    ../clib/../cmprslib/zerorunl2.c          0x00000000   Number         0  __dczerorl2.o ABSOLUTE
    ../clib/microlib/ctype/ctype.c           0x00000000   Number         0  isspace_c.o ABSOLUTE
    ../clib/microlib/ctype/ctype.c           0x00000000   Number         0  ctype_c.o ABSOLUTE
    ../clib/microlib/division.c              0x00000000   Number         0  uldiv.o ABSOLUTE
    ../clib/microlib/division.c              0x00000000   Number         0  uidiv.o ABSOLUTE
    ../clib/microlib/init/entry.s            0x00000000   Number         0  entry7a.o ABSOLUTE
    ../clib/microlib/init/entry.s            0x00000000   Number         0  entry.o ABSOLUTE
    ../clib/microlib/init/entry.s            0x00000000   Number         0  entry7b.o ABSOLUTE
    ../clib/microlib/init/entry.s            0x00000000   Number         0  entry12b.o ABSOLUTE
    ../clib/microlib/init/entry.s            0x00000000   Number         0  entry9b.o ABSOLUTE
    ../clib/microlib/init/entry.s            0x00000000   Number         0  entry12a.o ABSOLUTE
    ../clib/microlib/init/entry.s            0x00000000   Number         0  entry8a.o ABSOLUTE
    ../clib/microlib/init/entry.s            0x00000000   Number         0  entry11b.o ABSOLUTE
    ../clib/microlib/init/entry.s            0x00000000   Number         0  entry8b.o ABSOLUTE
    ../clib/microlib/init/entry.s            0x00000000   Number         0  entry11a.o ABSOLUTE
    ../clib/microlib/init/entry.s            0x00000000   Number         0  entry10b.o ABSOLUTE
    ../clib/microlib/init/entry.s            0x00000000   Number         0  entry9a.o ABSOLUTE
    ../clib/microlib/init/entry.s            0x00000000   Number         0  entry10a.o ABSOLUTE
    ../clib/microlib/init/entry.s            0x00000000   Number         0  entry2.o ABSOLUTE
    ../clib/microlib/init/entry.s            0x00000000   Number         0  entry5.o ABSOLUTE
    ../clib/microlib/longlong.c              0x00000000   Number         0  llushr.o ABSOLUTE
    ../clib/microlib/longlong.c              0x00000000   Number         0  llsshr.o ABSOLUTE
    ../clib/microlib/longlong.c              0x00000000   Number         0  llshl.o ABSOLUTE
    ../clib/microlib/printf/printf.c         0x00000000   Number         0  printf4.o ABSOLUTE
    ../clib/microlib/printf/printf.c         0x00000000   Number         0  printf2.o ABSOLUTE
    ../clib/microlib/printf/printf.c         0x00000000   Number         0  printf1.o ABSOLUTE
    ../clib/microlib/printf/printf.c         0x00000000   Number         0  printf0.o ABSOLUTE
    ../clib/microlib/printf/printf.c         0x00000000   Number         0  printf3.o ABSOLUTE
    ../clib/microlib/printf/printf.c         0x00000000   Number         0  printfb.o ABSOLUTE
    ../clib/microlib/printf/printf.c         0x00000000   Number         0  printfa.o ABSOLUTE
    ../clib/microlib/printf/printf.c         0x00000000   Number         0  printf8.o ABSOLUTE
    ../clib/microlib/printf/printf.c         0x00000000   Number         0  printf7.o ABSOLUTE
    ../clib/microlib/printf/printf.c         0x00000000   Number         0  printf6.o ABSOLUTE
    ../clib/microlib/printf/printf.c         0x00000000   Number         0  printf5.o ABSOLUTE
    ../clib/microlib/printf/stubs.s          0x00000000   Number         0  stubs.o ABSOLUTE
    ../clib/microlib/stdlib/qsort.c          0x00000000   Number         0  qsort.o ABSOLUTE
    ../clib/microlib/stubs.s                 0x00000000   Number         0  useno.o ABSOLUTE
    ../clib/microlib/stubs.s                 0x00000000   Number         0  iusefp.o ABSOLUTE
    ../clib/scanf.c                          0x00000000   Number         0  __0sscanf.o ABSOLUTE
    ../clib/scanf.c                          0x00000000   Number         0  _scanf.o ABSOLUTE
    ../clib/scanf.c                          0x00000000   Number         0  scanf_fp.o ABSOLUTE
    ../clib/scanf.c                          0x00000000   Number         0  scanf_char.o ABSOLUTE
    ../clib/scanf.c                          0x00000000   Number         0  _sgetc.o ABSOLUTE
    ../fplib/microlib/d2f.c                  0x00000000   Number         0  d2f.o ABSOLUTE
    ../fplib/microlib/f2d.c                  0x00000000   Number         0  f2d.o ABSOLUTE
    ../fplib/microlib/fpadd.c                0x00000000   Number         0  fadd.o ABSOLUTE
    ../fplib/microlib/fpadd.c                0x00000000   Number         0  dadd.o ABSOLUTE
    ../fplib/microlib/fpdiv.c                0x00000000   Number         0  ddiv.o ABSOLUTE
    ../fplib/microlib/fpepilogue.c           0x00000000   Number         0  depilogue.o ABSOLUTE
    ../fplib/microlib/fpepilogue.c           0x00000000   Number         0  fepilogue.o ABSOLUTE
    ../fplib/microlib/fpfix.c                0x00000000   Number         0  dfixul.o ABSOLUTE
    ../fplib/microlib/fpflt.c                0x00000000   Number         0  dflti.o ABSOLUTE
    ../fplib/microlib/fpflt.c                0x00000000   Number         0  dfltul.o ABSOLUTE
    ../fplib/microlib/fpflt.c                0x00000000   Number         0  dfltui.o ABSOLUTE
    ../fplib/microlib/fpmul.c                0x00000000   Number         0  dmul.o ABSOLUTE
    ..\Source\APP\Main.c                     0x00000000   Number         0  main.o ABSOLUTE
    ..\Source\Drive\ADC\adc.c                0x00000000   Number         0  adc.o ABSOLUTE
    ..\Source\Drive\DIO.c                    0x00000000   Number         0  dio.o ABSOLUTE
    ..\Source\Drive\KEY\key.c                0x00000000   Number         0  key.o ABSOLUTE
    ..\Source\Drive\TIMER\timer.c            0x00000000   Number         0  timer.o ABSOLUTE
    ..\Source\Drive\UART1.c                  0x00000000   Number         0  uart1.o ABSOLUTE
    ..\Source\Drive\UART2.c                  0x00000000   Number         0  uart2.o ABSOLUTE
    ..\Source\Drive\UART3.c                  0x00000000   Number         0  uart3.o ABSOLUTE
    ..\Source\Drive\bsp_mcp23017.c           0x00000000   Number         0  bsp_mcp23017.o ABSOLUTE
    ..\Source\Drive\bsp_mcp23017_2.c         0x00000000   Number         0  bsp_mcp23017_2.o ABSOLUTE
    ..\Source\Drive\bsp_spi_ad7606 .c        0x00000000   Number         0  bsp_spi_ad7606 .o ABSOLUTE
    ..\Source\Drive\bsp_spi_ad7606_2.c       0x00000000   Number         0  bsp_spi_ad7606_2.o ABSOLUTE
    ..\Source\Drive\delay.c                  0x00000000   Number         0  delay.o ABSOLUTE
    ..\Source\Drive\sys.c                    0x00000000   Number         0  sys.o ABSOLUTE
    ..\Source\STM32F10xLib\M3\system_stm32f10x.c 0x00000000   Number         0  system_stm32f10x.o ABSOLUTE
    ..\Source\STM32F10xLib\src\misc.c        0x00000000   Number         0  misc.o ABSOLUTE
    ..\Source\STM32F10xLib\src\stm32f10x_adc.c 0x00000000   Number         0  stm32f10x_adc.o ABSOLUTE
    ..\Source\STM32F10xLib\src\stm32f10x_gpio.c 0x00000000   Number         0  stm32f10x_gpio.o ABSOLUTE
    ..\Source\STM32F10xLib\src\stm32f10x_rcc.c 0x00000000   Number         0  stm32f10x_rcc.o ABSOLUTE
    ..\Source\STM32F10xLib\src\stm32f10x_spi.c 0x00000000   Number         0  stm32f10x_spi.o ABSOLUTE
    ..\Source\STM32F10xLib\src\stm32f10x_tim.c 0x00000000   Number         0  stm32f10x_tim.o ABSOLUTE
    ..\Source\STM32F10xLib\src\stm32f10x_usart.c 0x00000000   Number         0  stm32f10x_usart.o ABSOLUTE
    ..\Source\STM32F10xLib\startup\startup_stm32f10x_md.s 0x00000000   Number         0  startup_stm32f10x_md.o ABSOLUTE
    ..\\Source\\APP\\Main.c                  0x00000000   Number         0  main.o ABSOLUTE
    ..\\Source\\Drive\\ADC\\adc.c            0x00000000   Number         0  adc.o ABSOLUTE
    ..\\Source\\Drive\\DIO.c                 0x00000000   Number         0  dio.o ABSOLUTE
    ..\\Source\\Drive\\KEY\\key.c            0x00000000   Number         0  key.o ABSOLUTE
    ..\\Source\\Drive\\TIMER\\timer.c        0x00000000   Number         0  timer.o ABSOLUTE
    ..\\Source\\Drive\\UART1.c               0x00000000   Number         0  uart1.o ABSOLUTE
    ..\\Source\\Drive\\UART2.c               0x00000000   Number         0  uart2.o ABSOLUTE
    ..\\Source\\Drive\\UART3.c               0x00000000   Number         0  uart3.o ABSOLUTE
    ..\\Source\\Drive\\bsp_mcp23017.c        0x00000000   Number         0  bsp_mcp23017.o ABSOLUTE
    ..\\Source\\Drive\\bsp_mcp23017_2.c      0x00000000   Number         0  bsp_mcp23017_2.o ABSOLUTE
    ..\\Source\\Drive\\bsp_spi_ad7606 .c     0x00000000   Number         0  bsp_spi_ad7606 .o ABSOLUTE
    ..\\Source\\Drive\\bsp_spi_ad7606_2.c    0x00000000   Number         0  bsp_spi_ad7606_2.o ABSOLUTE
    ..\\Source\\Drive\\delay.c               0x00000000   Number         0  delay.o ABSOLUTE
    ..\\Source\\Drive\\sys.c                 0x00000000   Number         0  sys.o ABSOLUTE
    ..\\Source\\STM32F10xLib\\M3\\system_stm32f10x.c 0x00000000   Number         0  system_stm32f10x.o ABSOLUTE
    ..\\Source\\STM32F10xLib\\src\\misc.c    0x00000000   Number         0  misc.o ABSOLUTE
    ..\\Source\\STM32F10xLib\\src\\stm32f10x_adc.c 0x00000000   Number         0  stm32f10x_adc.o ABSOLUTE
    ..\\Source\\STM32F10xLib\\src\\stm32f10x_gpio.c 0x00000000   Number         0  stm32f10x_gpio.o ABSOLUTE
    ..\\Source\\STM32F10xLib\\src\\stm32f10x_rcc.c 0x00000000   Number         0  stm32f10x_rcc.o ABSOLUTE
    ..\\Source\\STM32F10xLib\\src\\stm32f10x_spi.c 0x00000000   Number         0  stm32f10x_spi.o ABSOLUTE
    ..\\Source\\STM32F10xLib\\src\\stm32f10x_tim.c 0x00000000   Number         0  stm32f10x_tim.o ABSOLUTE
    ..\\Source\\STM32F10xLib\\src\\stm32f10x_usart.c 0x00000000   Number         0  stm32f10x_usart.o ABSOLUTE
    cdrcmple.s                               0x00000000   Number         0  cdrcmple.o ABSOLUTE
    cfcmple.s                                0x00000000   Number         0  cfcmple.o ABSOLUTE
    cfrcmple.s                               0x00000000   Number         0  cfrcmple.o ABSOLUTE
    dc.s                                     0x00000000   Number         0  dc.o ABSOLUTE
    handlers.s                               0x00000000   Number         0  handlers.o ABSOLUTE
    init.s                                   0x00000000   Number         0  init.o ABSOLUTE
    RESET                                    0x08000000   Section      236  startup_stm32f10x_md.o(RESET)
    .ARM.Collect$$$$00000000                 0x080000ec   Section        0  entry.o(.ARM.Collect$$$$00000000)
    .ARM.Collect$$$$00000001                 0x080000ec   Section        4  entry2.o(.ARM.Collect$$$$00000001)
    .ARM.Collect$$$$00000004                 0x080000f0   Section        4  entry5.o(.ARM.Collect$$$$00000004)
    .ARM.Collect$$$$00000008                 0x080000f4   Section        0  entry7b.o(.ARM.Collect$$$$00000008)
    .ARM.Collect$$$$0000000A                 0x080000f4   Section        0  entry8b.o(.ARM.Collect$$$$0000000A)
    .ARM.Collect$$$$0000000B                 0x080000f4   Section        8  entry9a.o(.ARM.Collect$$$$0000000B)
    .ARM.Collect$$$$0000000E                 0x080000fc   Section        4  entry12b.o(.ARM.Collect$$$$0000000E)
    .ARM.Collect$$$$0000000F                 0x08000100   Section        0  entry10a.o(.ARM.Collect$$$$0000000F)
    .ARM.Collect$$$$00000011                 0x08000100   Section        0  entry11a.o(.ARM.Collect$$$$00000011)
    .ARM.Collect$$$$00002712                 0x08000100   Section        4  entry2.o(.ARM.Collect$$$$00002712)
    __lit__00000000                          0x08000100   Data           4  entry2.o(.ARM.Collect$$$$00002712)
    .text                                    0x08000104   Section       36  startup_stm32f10x_md.o(.text)
    .text                                    0x08000128   Section        0  __0sscanf.o(.text)
    .text                                    0x08000160   Section        0  scanf_fp.o(.text)
    _fp_value                                0x08000161   Thumb Code   296  scanf_fp.o(.text)
    .text                                    0x080004c0   Section        0  fadd.o(.text)
    .text                                    0x08000570   Section        0  dadd.o(.text)
    .text                                    0x080006be   Section        0  dmul.o(.text)
    .text                                    0x080007a2   Section        0  dflti.o(.text)
    .text                                    0x080007c4   Section        0  f2d.o(.text)
    .text                                    0x080007ec   Section       48  cdrcmple.o(.text)
    .text                                    0x0800081c   Section        0  d2f.o(.text)
    .text                                    0x08000854   Section       20  cfcmple.o(.text)
    .text                                    0x08000868   Section        0  uidiv.o(.text)
    .text                                    0x08000894   Section        0  uldiv.o(.text)
    .text                                    0x080008f6   Section        0  llshl.o(.text)
    .text                                    0x08000914   Section        0  llsshr.o(.text)
    .text                                    0x08000938   Section        0  scanf_char.o(.text)
    _scanf_char_input                        0x08000939   Thumb Code    12  scanf_char.o(.text)
    .text                                    0x08000960   Section        0  _sgetc.o(.text)
    .text                                    0x080009a0   Section        0  fepilogue.o(.text)
    .text                                    0x080009a0   Section        0  iusefp.o(.text)
    .text                                    0x08000a0e   Section        0  depilogue.o(.text)
    .text                                    0x08000ac8   Section        0  ddiv.o(.text)
    .text                                    0x08000ba6   Section        0  dfltul.o(.text)
    .text                                    0x08000bbe   Section        0  dfixul.o(.text)
    .text                                    0x08000bf0   Section       36  init.o(.text)
    .text                                    0x08000c14   Section        0  llushr.o(.text)
    .text                                    0x08000c34   Section        0  isspace_c.o(.text)
    .text                                    0x08000c40   Section        0  _scanf.o(.text)
    .text                                    0x08000f70   Section        0  ctype_c.o(.text)
    .text                                    0x08000f98   Section        0  __dczerorl2.o(.text)
    i.AD7606_Disp                            0x08000ff0   Section        0  bsp_spi_ad7606 .o(i.AD7606_Disp)
    i.AD7606_Mak                             0x080011a0   Section        0  bsp_spi_ad7606 .o(i.AD7606_Mak)
    i.ADC_Cmd                                0x080011e0   Section        0  stm32f10x_adc.o(i.ADC_Cmd)
    i.ADC_DeInit                             0x080011f8   Section        0  stm32f10x_adc.o(i.ADC_DeInit)
    i.ADC_GetCalibrationStatus               0x08001254   Section        0  stm32f10x_adc.o(i.ADC_GetCalibrationStatus)
    i.ADC_GetResetCalibrationStatus          0x08001268   Section        0  stm32f10x_adc.o(i.ADC_GetResetCalibrationStatus)
    i.ADC_Init                               0x0800127c   Section        0  stm32f10x_adc.o(i.ADC_Init)
    i.ADC_ResetCalibration                   0x080012cc   Section        0  stm32f10x_adc.o(i.ADC_ResetCalibration)
    i.ADC_StartCalibration                   0x080012d6   Section        0  stm32f10x_adc.o(i.ADC_StartCalibration)
    i.Adc_Init                               0x080012e0   Section        0  adc.o(i.Adc_Init)
    i.CopeSerial2Data1                       0x0800136c   Section        0  main.o(i.CopeSerial2Data1)
    i.CopeSerial2Data2                       0x08001400   Section        0  main.o(i.CopeSerial2Data2)
    i.DIO_Initial                            0x08001494   Section        0  dio.o(i.DIO_Initial)
    i.GPIO_Init                              0x080014e4   Section        0  stm32f10x_gpio.o(i.GPIO_Init)
    i.GPIO_PinRemapConfig                    0x080015fc   Section        0  stm32f10x_gpio.o(i.GPIO_PinRemapConfig)
    i.GPIO_ReadInputDataBit                  0x0800168c   Section        0  stm32f10x_gpio.o(i.GPIO_ReadInputDataBit)
    i.GPIO_ReadOutputDataBit                 0x0800169e   Section        0  stm32f10x_gpio.o(i.GPIO_ReadOutputDataBit)
    i.GPIO_ResetBits                         0x080016b0   Section        0  stm32f10x_gpio.o(i.GPIO_ResetBits)
    i.GPIO_SetBits                           0x080016b4   Section        0  stm32f10x_gpio.o(i.GPIO_SetBits)
    i.GPIO_StructInit                        0x080016b8   Section        0  stm32f10x_gpio.o(i.GPIO_StructInit)
    i.GetAdcFormFifo                         0x080016c8   Section        0  bsp_spi_ad7606 .o(i.GetAdcFormFifo)
    i.KEY_Init                               0x080016e8   Section        0  key.o(i.KEY_Init)
    i.LED_Init                               0x08001734   Section        0  dio.o(i.LED_Init)
    i.LED_REVERSE                            0x08001770   Section        0  dio.o(i.LED_REVERSE)
    i.NVIC_Init                              0x080017a8   Section        0  misc.o(i.NVIC_Init)
    i.NVIC_PriorityGroupConfig               0x08001818   Section        0  misc.o(i.NVIC_PriorityGroupConfig)
    i.Pre_read                               0x0800182c   Section        0  main.o(i.Pre_read)
    i.RCC_ADCCLKConfig                       0x080018a8   Section        0  stm32f10x_rcc.o(i.RCC_ADCCLKConfig)
    i.RCC_AHBPeriphClockCmd                  0x080018c0   Section        0  stm32f10x_rcc.o(i.RCC_AHBPeriphClockCmd)
    i.RCC_APB1PeriphClockCmd                 0x080018e0   Section        0  stm32f10x_rcc.o(i.RCC_APB1PeriphClockCmd)
    i.RCC_APB2PeriphClockCmd                 0x08001900   Section        0  stm32f10x_rcc.o(i.RCC_APB2PeriphClockCmd)
    i.RCC_APB2PeriphResetCmd                 0x08001920   Section        0  stm32f10x_rcc.o(i.RCC_APB2PeriphResetCmd)
    i.RCC_GetClocksFreq                      0x08001940   Section        0  stm32f10x_rcc.o(i.RCC_GetClocksFreq)
    i.SPI_Cmd                                0x08001a14   Section        0  stm32f10x_spi.o(i.SPI_Cmd)
    i.SPI_I2S_GetFlagStatus                  0x08001a2c   Section        0  stm32f10x_spi.o(i.SPI_I2S_GetFlagStatus)
    i.SPI_I2S_ReceiveData                    0x08001a3e   Section        0  stm32f10x_spi.o(i.SPI_I2S_ReceiveData)
    i.SPI_I2S_SendData                       0x08001a44   Section        0  stm32f10x_spi.o(i.SPI_I2S_SendData)
    i.SPI_Init                               0x08001a48   Section        0  stm32f10x_spi.o(i.SPI_Init)
    i.SetSysClock                            0x08001a84   Section        0  system_stm32f10x.o(i.SetSysClock)
    SetSysClock                              0x08001a85   Thumb Code     8  system_stm32f10x.o(i.SetSysClock)
    i.SetSysClockTo72                        0x08001a8c   Section        0  system_stm32f10x.o(i.SetSysClockTo72)
    SetSysClockTo72                          0x08001a8d   Thumb Code   214  system_stm32f10x.o(i.SetSysClockTo72)
    i.SysTick_Handler                        0x08001b6c   Section        0  delay.o(i.SysTick_Handler)
    i.SysTick_init                           0x08001b8c   Section        0  delay.o(i.SysTick_init)
    i.SystemInit                             0x08001c08   Section        0  system_stm32f10x.o(i.SystemInit)
    i.TIM2_IRQHandler                        0x08001c68   Section        0  timer.o(i.TIM2_IRQHandler)
    i.TIM3_IRQHandler                        0x08001c84   Section        0  timer.o(i.TIM3_IRQHandler)
    i.TIM3_Int_Init                          0x08001cac   Section        0  timer.o(i.TIM3_Int_Init)
    i.TIM4_IRQHandler                        0x08001d0c   Section        0  timer.o(i.TIM4_IRQHandler)
    i.TIM4_Int_Init                          0x08001d2c   Section        0  timer.o(i.TIM4_Int_Init)
    i.TIM_ClearFlag                          0x08001d8c   Section        0  stm32f10x_tim.o(i.TIM_ClearFlag)
    i.TIM_ClearITPendingBit                  0x08001d92   Section        0  stm32f10x_tim.o(i.TIM_ClearITPendingBit)
    i.TIM_Cmd                                0x08001d98   Section        0  stm32f10x_tim.o(i.TIM_Cmd)
    i.TIM_GetITStatus                        0x08001db0   Section        0  stm32f10x_tim.o(i.TIM_GetITStatus)
    i.TIM_ITConfig                           0x08001dd2   Section        0  stm32f10x_tim.o(i.TIM_ITConfig)
    i.TIM_TimeBaseInit                       0x08001de4   Section        0  stm32f10x_tim.o(i.TIM_TimeBaseInit)
    i.USART1_IRQHandler                      0x08001e88   Section        0  uart1.o(i.USART1_IRQHandler)
    i.USART2_IRQHandler                      0x08001f10   Section        0  uart2.o(i.USART2_IRQHandler)
    i.USART3_IRQHandler                      0x08001f98   Section        0  uart3.o(i.USART3_IRQHandler)
    i.USART_ClearITPendingBit                0x08002020   Section        0  stm32f10x_usart.o(i.USART_ClearITPendingBit)
    i.USART_Cmd                              0x0800203e   Section        0  stm32f10x_usart.o(i.USART_Cmd)
    i.USART_GetITStatus                      0x08002056   Section        0  stm32f10x_usart.o(i.USART_GetITStatus)
    i.USART_ITConfig                         0x080020aa   Section        0  stm32f10x_usart.o(i.USART_ITConfig)
    i.USART_Init                             0x080020f4   Section        0  stm32f10x_usart.o(i.USART_Init)
    i.USART_ReceiveData                      0x080021cc   Section        0  stm32f10x_usart.o(i.USART_ReceiveData)
    i.USART_SendData                         0x080021d6   Section        0  stm32f10x_usart.o(i.USART_SendData)
    i.V2P                                    0x080021e0   Section        0  main.o(i.V2P)
    i.__0printf                              0x08002218   Section        0  printfa.o(i.__0printf)
    i.__scatterload_copy                     0x08002238   Section       14  handlers.o(i.__scatterload_copy)
    i.__scatterload_null                     0x08002246   Section        2  handlers.o(i.__scatterload_null)
    i.__scatterload_zeroinit                 0x08002248   Section       14  handlers.o(i.__scatterload_zeroinit)
    i._fp_digits                             0x08002258   Section        0  printfa.o(i._fp_digits)
    _fp_digits                               0x08002259   Thumb Code   366  printfa.o(i._fp_digits)
    i._is_digit                              0x080023dc   Section        0  scanf_fp.o(i._is_digit)
    i._printf_core                           0x080023ec   Section        0  printfa.o(i._printf_core)
    _printf_core                             0x080023ed   Thumb Code  1704  printfa.o(i._printf_core)
    i._printf_post_padding                   0x08002aa0   Section        0  printfa.o(i._printf_post_padding)
    _printf_post_padding                     0x08002aa1   Thumb Code    36  printfa.o(i._printf_post_padding)
    i._printf_pre_padding                    0x08002ac4   Section        0  printfa.o(i._printf_pre_padding)
    _printf_pre_padding                      0x08002ac5   Thumb Code    46  printfa.o(i._printf_pre_padding)
    i.ad7606_2_IRQSrc                        0x08002af4   Section        0  bsp_spi_ad7606_2.o(i.ad7606_2_IRQSrc)
    i.ad7606_2_ReadBytes                     0x08002b4c   Section        0  bsp_spi_ad7606_2.o(i.ad7606_2_ReadBytes)
    i.ad7606_2_StartConv                     0x08002b88   Section        0  bsp_spi_ad7606_2.o(i.ad7606_2_StartConv)
    i.ad7606_IRQSrc                          0x08002ba0   Section        0  bsp_spi_ad7606 .o(i.ad7606_IRQSrc)
    i.ad7606_ReadBytes                       0x08002bfc   Section        0  bsp_spi_ad7606 .o(i.ad7606_ReadBytes)
    i.ad7606_Reset                           0x08002c38   Section        0  bsp_spi_ad7606 .o(i.ad7606_Reset)
    i.ad7606_StartConv                       0x08002c50   Section        0  bsp_spi_ad7606 .o(i.ad7606_StartConv)
    i.bsp_InitAD7606                         0x08002c68   Section        0  bsp_spi_ad7606 .o(i.bsp_InitAD7606)
    i.delay_ms                               0x08002d98   Section        0  delay.o(i.delay_ms)
    i.fn_mcp23017_iodir                      0x08002e40   Section        0  bsp_mcp23017.o(i.fn_mcp23017_iodir)
    i.fn_mcp23017_setports                   0x08002e92   Section        0  bsp_mcp23017.o(i.fn_mcp23017_setports)
    i.fputc                                  0x08002ee4   Section        0  uart1.o(i.fputc)
    i.i2c_delay                              0x08002f00   Section        0  bsp_mcp23017.o(i.i2c_delay)
    i.i2c_sendbyte                           0x08002f10   Section        0  bsp_mcp23017.o(i.i2c_sendbyte)
    i.i2c_start                              0x08002f6c   Section        0  bsp_mcp23017.o(i.i2c_start)
    i.i2c_stop                               0x08002fa0   Section        0  bsp_mcp23017.o(i.i2c_stop)
    i.i2c_waitack                            0x08002fc4   Section        0  bsp_mcp23017.o(i.i2c_waitack)
    i.init_iic_mcp23017                      0x08003004   Section        0  bsp_mcp23017.o(i.init_iic_mcp23017)
    i.judge                                  0x08003034   Section        0  main.o(i.judge)
    i.main                                   0x08003274   Section        0  main.o(i.main)
    i.uart_init                              0x0800345c   Section        0  uart1.o(i.uart_init)
    .constdata                               0x080034fc   Section       64  ctype_c.o(.constdata)
    .data                                    0x20000000   Section      366  main.o(.data)
    ucRxCnt                                  0x2000016c   Data           1  main.o(.data)
    ucRxCnt2                                 0x2000016d   Data           1  main.o(.data)
    .data                                    0x2000016e   Section        6  delay.o(.data)
    fac_us                                   0x2000016e   Data           1  delay.o(.data)
    fac_ms                                   0x20000170   Data           2  delay.o(.data)
    .data                                    0x20000174   Section        6  uart1.o(.data)
    .data                                    0x2000017a   Section        2  uart2.o(.data)
    TxCounter2                               0x2000017a   Data           1  uart2.o(.data)
    count2                                   0x2000017b   Data           1  uart2.o(.data)
    .data                                    0x2000017c   Section        1  dio.o(.data)
    .data                                    0x2000017d   Section        2  uart3.o(.data)
    TxCounter3                               0x2000017d   Data           1  uart3.o(.data)
    count3                                   0x2000017e   Data           1  uart3.o(.data)
    .data                                    0x2000017f   Section       20  stm32f10x_rcc.o(.data)
    APBAHBPrescTable                         0x2000017f   Data          16  stm32f10x_rcc.o(.data)
    ADCPrescTable                            0x2000018f   Data           4  stm32f10x_rcc.o(.data)
    .bss                                     0x20000194   Section      944  main.o(.bss)
    ucRxBuffer                               0x20000350   Data         250  main.o(.bss)
    ucRxBuffer2                              0x2000044a   Data         250  main.o(.bss)
    .bss                                     0x20000544   Section      200  uart1.o(.bss)
    .bss                                     0x2000060c   Section      256  uart2.o(.bss)
    TxBuffer2                                0x2000060c   Data         256  uart2.o(.bss)
    .bss                                     0x2000070c   Section      256  uart3.o(.bss)
    TxBuffer3                                0x2000070c   Data         256  uart3.o(.bss)
    .bss                                     0x2000080c   Section     1078  bsp_spi_ad7606 .o(.bss)
    s_volt                                   0x20000c12   Data          16  bsp_spi_ad7606 .o(.bss)
    s_dat                                    0x20000c22   Data          16  bsp_spi_ad7606 .o(.bss)
    s_adc_now                                0x20000c32   Data          16  bsp_spi_ad7606 .o(.bss)
    .bss                                     0x20000c42   Section     1078  bsp_spi_ad7606_2.o(.bss)
    s_volt_2                                 0x20001048   Data          16  bsp_spi_ad7606_2.o(.bss)
    s_dat_2                                  0x20001058   Data          16  bsp_spi_ad7606_2.o(.bss)
    s_adc_now_2                              0x20001068   Data          16  bsp_spi_ad7606_2.o(.bss)
    STACK                                    0x20001078   Section     1024  startup_stm32f10x_md.o(STACK)

    Global Symbols

    Symbol Name                              Value     Ov Type        Size  Object(Section)

    BuildAttributes$$THM_ISAv4$P$D$K$B$S$PE$A:L22UL41UL21$X:L11$S22US41US21$IEEE1$IW$USESV6$~STKCKD$USESV7$~SHL$OTIME$ROPI$EBA8$MICROLIB$REQ8$PRES8$EABIv2 0x00000000   Number         0  anon$$obj.o ABSOLUTE
    __ARM_use_no_argv                        0x00000000   Number         0  main.o ABSOLUTE
    __use_no_errno                           0x00000000   Number         0  useno.o ABSOLUTE
    __use_no_exception_handling              0x00000000   Number         0  useno.o ABSOLUTE
    __use_no_fp                              0x00000000   Number         0  useno.o ABSOLUTE
    __use_no_heap                            0x00000000   Number         0  useno.o ABSOLUTE
    __use_no_heap_region                     0x00000000   Number         0  useno.o ABSOLUTE
    __use_no_semihosting                     0x00000000   Number         0  useno.o ABSOLUTE
    __use_no_semihosting_swi                 0x00000000   Number         0  useno.o ABSOLUTE
    __use_no_signal_handling                 0x00000000   Number         0  useno.o ABSOLUTE
    _printf_a                                0x00000000   Number         0  stubs.o ABSOLUTE
    _printf_c                                0x00000000   Number         0  stubs.o ABSOLUTE
    _printf_charcount                        0x00000000   Number         0  stubs.o ABSOLUTE
    _printf_d                                0x00000000   Number         0  stubs.o ABSOLUTE
    _printf_e                                0x00000000   Number         0  stubs.o ABSOLUTE
    _printf_f                                0x00000000   Number         0  stubs.o ABSOLUTE
    _printf_flags                            0x00000000   Number         0  stubs.o ABSOLUTE
    _printf_fp_dec                           0x00000000   Number         0  stubs.o ABSOLUTE
    _printf_fp_hex                           0x00000000   Number         0  stubs.o ABSOLUTE
    _printf_g                                0x00000000   Number         0  stubs.o ABSOLUTE
    _printf_i                                0x00000000   Number         0  stubs.o ABSOLUTE
    _printf_int_dec                          0x00000000   Number         0  stubs.o ABSOLUTE
    _printf_l                                0x00000000   Number         0  stubs.o ABSOLUTE
    _printf_lc                               0x00000000   Number         0  stubs.o ABSOLUTE
    _printf_ll                               0x00000000   Number         0  stubs.o ABSOLUTE
    _printf_lld                              0x00000000   Number         0  stubs.o ABSOLUTE
    _printf_lli                              0x00000000   Number         0  stubs.o ABSOLUTE
    _printf_llo                              0x00000000   Number         0  stubs.o ABSOLUTE
    _printf_llu                              0x00000000   Number         0  stubs.o ABSOLUTE
    _printf_llx                              0x00000000   Number         0  stubs.o ABSOLUTE
    _printf_longlong_dec                     0x00000000   Number         0  stubs.o ABSOLUTE
    _printf_longlong_hex                     0x00000000   Number         0  stubs.o ABSOLUTE
    _printf_longlong_oct                     0x00000000   Number         0  stubs.o ABSOLUTE
    _printf_ls                               0x00000000   Number         0  stubs.o ABSOLUTE
    _printf_mbtowc                           0x00000000   Number         0  stubs.o ABSOLUTE
    _printf_n                                0x00000000   Number         0  stubs.o ABSOLUTE
    _printf_o                                0x00000000   Number         0  stubs.o ABSOLUTE
    _printf_p                                0x00000000   Number         0  stubs.o ABSOLUTE
    _printf_percent                          0x00000000   Number         0  stubs.o ABSOLUTE
    _printf_pre_padding                      0x00000000   Number         0  stubs.o ABSOLUTE
    _printf_return_value                     0x00000000   Number         0  stubs.o ABSOLUTE
    _printf_s                                0x00000000   Number         0  stubs.o ABSOLUTE
    _printf_sizespec                         0x00000000   Number         0  stubs.o ABSOLUTE
    _printf_str                              0x00000000   Number         0  stubs.o ABSOLUTE
    _printf_truncate_signed                  0x00000000   Number         0  stubs.o ABSOLUTE
    _printf_truncate_unsigned                0x00000000   Number         0  stubs.o ABSOLUTE
    _printf_u                                0x00000000   Number         0  stubs.o ABSOLUTE
    _printf_wc                               0x00000000   Number         0  stubs.o ABSOLUTE
    _printf_wctomb                           0x00000000   Number         0  stubs.o ABSOLUTE
    _printf_widthprec                        0x00000000   Number         0  stubs.o ABSOLUTE
    _printf_x                                0x00000000   Number         0  stubs.o ABSOLUTE
    __arm_fini_                               - Undefined Weak Reference
    __cpp_initialize__aeabi_                  - Undefined Weak Reference
    __cxa_finalize                            - Undefined Weak Reference
    _clock_init                               - Undefined Weak Reference
    _microlib_exit                            - Undefined Weak Reference
    _scanf_int                                - Undefined Weak Reference
    _scanf_longlong                           - Undefined Weak Reference
    _scanf_string                             - Undefined Weak Reference
    __Vectors_Size                           0x000000ec   Number         0  startup_stm32f10x_md.o ABSOLUTE
    __Vectors                                0x08000000   Data           4  startup_stm32f10x_md.o(RESET)
    __Vectors_End                            0x080000ec   Data           0  startup_stm32f10x_md.o(RESET)
    __main                                   0x080000ed   Thumb Code     0  entry.o(.ARM.Collect$$$$00000000)
    _main_stk                                0x080000ed   Thumb Code     0  entry2.o(.ARM.Collect$$$$00000001)
    _main_scatterload                        0x080000f1   Thumb Code     0  entry5.o(.ARM.Collect$$$$00000004)
    __main_after_scatterload                 0x080000f5   Thumb Code     0  entry5.o(.ARM.Collect$$$$00000004)
    _main_clock                              0x080000f5   Thumb Code     0  entry7b.o(.ARM.Collect$$$$00000008)
    _main_cpp_init                           0x080000f5   Thumb Code     0  entry8b.o(.ARM.Collect$$$$0000000A)
    _main_init                               0x080000f5   Thumb Code     0  entry9a.o(.ARM.Collect$$$$0000000B)
    __rt_lib_shutdown_fini                   0x080000fd   Thumb Code     0  entry12b.o(.ARM.Collect$$$$0000000E)
    __rt_final_cpp                           0x08000101   Thumb Code     0  entry10a.o(.ARM.Collect$$$$0000000F)
    __rt_final_exit                          0x08000101   Thumb Code     0  entry11a.o(.ARM.Collect$$$$00000011)
    Reset_Handler                            0x08000105   Thumb Code     8  startup_stm32f10x_md.o(.text)
    NMI_Handler                              0x0800010d   Thumb Code     2  startup_stm32f10x_md.o(.text)
    HardFault_Handler                        0x0800010f   Thumb Code     2  startup_stm32f10x_md.o(.text)
    MemManage_Handler                        0x08000111   Thumb Code     2  startup_stm32f10x_md.o(.text)
    BusFault_Handler                         0x08000113   Thumb Code     2  startup_stm32f10x_md.o(.text)
    UsageFault_Handler                       0x08000115   Thumb Code     2  startup_stm32f10x_md.o(.text)
    SVC_Handler                              0x08000117   Thumb Code     2  startup_stm32f10x_md.o(.text)
    DebugMon_Handler                         0x08000119   Thumb Code     2  startup_stm32f10x_md.o(.text)
    PendSV_Handler                           0x0800011b   Thumb Code     2  startup_stm32f10x_md.o(.text)
    ADC1_2_IRQHandler                        0x0800011f   Thumb Code     0  startup_stm32f10x_md.o(.text)
    CAN1_RX1_IRQHandler                      0x0800011f   Thumb Code     0  startup_stm32f10x_md.o(.text)
    CAN1_SCE_IRQHandler                      0x0800011f   Thumb Code     0  startup_stm32f10x_md.o(.text)
    DMA1_Channel1_IRQHandler                 0x0800011f   Thumb Code     0  startup_stm32f10x_md.o(.text)
    DMA1_Channel2_IRQHandler                 0x0800011f   Thumb Code     0  startup_stm32f10x_md.o(.text)
    DMA1_Channel3_IRQHandler                 0x0800011f   Thumb Code     0  startup_stm32f10x_md.o(.text)
    DMA1_Channel4_IRQHandler                 0x0800011f   Thumb Code     0  startup_stm32f10x_md.o(.text)
    DMA1_Channel5_IRQHandler                 0x0800011f   Thumb Code     0  startup_stm32f10x_md.o(.text)
    DMA1_Channel6_IRQHandler                 0x0800011f   Thumb Code     0  startup_stm32f10x_md.o(.text)
    DMA1_Channel7_IRQHandler                 0x0800011f   Thumb Code     0  startup_stm32f10x_md.o(.text)
    EXTI0_IRQHandler                         0x0800011f   Thumb Code     0  startup_stm32f10x_md.o(.text)
    EXTI15_10_IRQHandler                     0x0800011f   Thumb Code     0  startup_stm32f10x_md.o(.text)
    EXTI1_IRQHandler                         0x0800011f   Thumb Code     0  startup_stm32f10x_md.o(.text)
    EXTI2_IRQHandler                         0x0800011f   Thumb Code     0  startup_stm32f10x_md.o(.text)
    EXTI3_IRQHandler                         0x0800011f   Thumb Code     0  startup_stm32f10x_md.o(.text)
    EXTI4_IRQHandler                         0x0800011f   Thumb Code     0  startup_stm32f10x_md.o(.text)
    EXTI9_5_IRQHandler                       0x0800011f   Thumb Code     0  startup_stm32f10x_md.o(.text)
    FLASH_IRQHandler                         0x0800011f   Thumb Code     0  startup_stm32f10x_md.o(.text)
    I2C1_ER_IRQHandler                       0x0800011f   Thumb Code     0  startup_stm32f10x_md.o(.text)
    I2C1_EV_IRQHandler                       0x0800011f   Thumb Code     0  startup_stm32f10x_md.o(.text)
    I2C2_ER_IRQHandler                       0x0800011f   Thumb Code     0  startup_stm32f10x_md.o(.text)
    I2C2_EV_IRQHandler                       0x0800011f   Thumb Code     0  startup_stm32f10x_md.o(.text)
    PVD_IRQHandler                           0x0800011f   Thumb Code     0  startup_stm32f10x_md.o(.text)
    RCC_IRQHandler                           0x0800011f   Thumb Code     0  startup_stm32f10x_md.o(.text)
    RTCAlarm_IRQHandler                      0x0800011f   Thumb Code     0  startup_stm32f10x_md.o(.text)
    RTC_IRQHandler                           0x0800011f   Thumb Code     0  startup_stm32f10x_md.o(.text)
    SPI1_IRQHandler                          0x0800011f   Thumb Code     0  startup_stm32f10x_md.o(.text)
    SPI2_IRQHandler                          0x0800011f   Thumb Code     0  startup_stm32f10x_md.o(.text)
    TAMPER_IRQHandler                        0x0800011f   Thumb Code     0  startup_stm32f10x_md.o(.text)
    TIM1_BRK_IRQHandler                      0x0800011f   Thumb Code     0  startup_stm32f10x_md.o(.text)
    TIM1_CC_IRQHandler                       0x0800011f   Thumb Code     0  startup_stm32f10x_md.o(.text)
    TIM1_TRG_COM_IRQHandler                  0x0800011f   Thumb Code     0  startup_stm32f10x_md.o(.text)
    TIM1_UP_IRQHandler                       0x0800011f   Thumb Code     0  startup_stm32f10x_md.o(.text)
    USBWakeUp_IRQHandler                     0x0800011f   Thumb Code     0  startup_stm32f10x_md.o(.text)
    USB_HP_CAN1_TX_IRQHandler                0x0800011f   Thumb Code     0  startup_stm32f10x_md.o(.text)
    USB_LP_CAN1_RX0_IRQHandler               0x0800011f   Thumb Code     0  startup_stm32f10x_md.o(.text)
    WWDG_IRQHandler                          0x0800011f   Thumb Code     0  startup_stm32f10x_md.o(.text)
    __0sscanf                                0x08000129   Thumb Code    48  __0sscanf.o(.text)
    _scanf_real                              0x08000289   Thumb Code     0  scanf_fp.o(.text)
    _scanf_really_real                       0x08000289   Thumb Code   556  scanf_fp.o(.text)
    __aeabi_fadd                             0x080004c1   Thumb Code   164  fadd.o(.text)
    __aeabi_fsub                             0x08000565   Thumb Code     6  fadd.o(.text)
    __aeabi_frsub                            0x0800056b   Thumb Code     6  fadd.o(.text)
    __aeabi_dadd                             0x08000571   Thumb Code   322  dadd.o(.text)
    __aeabi_dsub                             0x080006b3   Thumb Code     6  dadd.o(.text)
    __aeabi_drsub                            0x080006b9   Thumb Code     6  dadd.o(.text)
    __aeabi_dmul                             0x080006bf   Thumb Code   228  dmul.o(.text)
    __aeabi_i2d                              0x080007a3   Thumb Code    34  dflti.o(.text)
    __aeabi_f2d                              0x080007c5   Thumb Code    38  f2d.o(.text)
    __aeabi_cdrcmple                         0x080007ed   Thumb Code    48  cdrcmple.o(.text)
    __aeabi_d2f                              0x0800081d   Thumb Code    56  d2f.o(.text)
    __aeabi_cfcmpeq                          0x08000855   Thumb Code     0  cfcmple.o(.text)
    __aeabi_cfcmple                          0x08000855   Thumb Code    20  cfcmple.o(.text)
    __aeabi_uidiv                            0x08000869   Thumb Code     0  uidiv.o(.text)
    __aeabi_uidivmod                         0x08000869   Thumb Code    44  uidiv.o(.text)
    __aeabi_uldivmod                         0x08000895   Thumb Code    98  uldiv.o(.text)
    __aeabi_llsl                             0x080008f7   Thumb Code    30  llshl.o(.text)
    _ll_shift_l                              0x080008f7   Thumb Code     0  llshl.o(.text)
    __aeabi_lasr                             0x08000915   Thumb Code    36  llsshr.o(.text)
    _ll_sshift_r                             0x08000915   Thumb Code     0  llsshr.o(.text)
    __vfscanf_char                           0x08000945   Thumb Code    20  scanf_char.o(.text)
    _sgetc                                   0x08000961   Thumb Code    30  _sgetc.o(.text)
    _sbackspace                              0x0800097f   Thumb Code    34  _sgetc.o(.text)
    __I$use$fp                               0x080009a1   Thumb Code     0  iusefp.o(.text)
    _float_round                             0x080009a1   Thumb Code    18  fepilogue.o(.text)
    _float_epilogue                          0x080009b3   Thumb Code    92  fepilogue.o(.text)
    _double_round                            0x08000a0f   Thumb Code    30  depilogue.o(.text)
    _double_epilogue                         0x08000a2d   Thumb Code   156  depilogue.o(.text)
    __aeabi_ddiv                             0x08000ac9   Thumb Code   222  ddiv.o(.text)
    __aeabi_ul2d                             0x08000ba7   Thumb Code    24  dfltul.o(.text)
    __aeabi_d2ulz                            0x08000bbf   Thumb Code    48  dfixul.o(.text)
    __scatterload                            0x08000bf1   Thumb Code    28  init.o(.text)
    __scatterload_rt2                        0x08000bf1   Thumb Code     0  init.o(.text)
    __aeabi_llsr                             0x08000c15   Thumb Code    32  llushr.o(.text)
    _ll_ushift_r                             0x08000c15   Thumb Code     0  llushr.o(.text)
    isspace                                  0x08000c35   Thumb Code    10  isspace_c.o(.text)
    __vfscanf                                0x08000c41   Thumb Code   810  _scanf.o(.text)
    __ctype_lookup                           0x08000f71   Thumb Code    34  ctype_c.o(.text)
    __decompress                             0x08000f99   Thumb Code     0  __dczerorl2.o(.text)
    __decompress1                            0x08000f99   Thumb Code    86  __dczerorl2.o(.text)
    AD7606_Disp                              0x08000ff1   Thumb Code   394  bsp_spi_ad7606 .o(i.AD7606_Disp)
    AD7606_Mak                               0x080011a1   Thumb Code    56  bsp_spi_ad7606 .o(i.AD7606_Mak)
    ADC_Cmd                                  0x080011e1   Thumb Code    22  stm32f10x_adc.o(i.ADC_Cmd)
    ADC_DeInit                               0x080011f9   Thumb Code    78  stm32f10x_adc.o(i.ADC_DeInit)
    ADC_GetCalibrationStatus                 0x08001255   Thumb Code    20  stm32f10x_adc.o(i.ADC_GetCalibrationStatus)
    ADC_GetResetCalibrationStatus            0x08001269   Thumb Code    20  stm32f10x_adc.o(i.ADC_GetResetCalibrationStatus)
    ADC_Init                                 0x0800127d   Thumb Code    70  stm32f10x_adc.o(i.ADC_Init)
    ADC_ResetCalibration                     0x080012cd   Thumb Code    10  stm32f10x_adc.o(i.ADC_ResetCalibration)
    ADC_StartCalibration                     0x080012d7   Thumb Code    10  stm32f10x_adc.o(i.ADC_StartCalibration)
    Adc_Init                                 0x080012e1   Thumb Code   132  adc.o(i.Adc_Init)
    CopeSerial2Data1                         0x0800136d   Thumb Code   126  main.o(i.CopeSerial2Data1)
    CopeSerial2Data2                         0x08001401   Thumb Code   126  main.o(i.CopeSerial2Data2)
    DIO_Initial                              0x08001495   Thumb Code    80  dio.o(i.DIO_Initial)
    GPIO_Init                                0x080014e5   Thumb Code   278  stm32f10x_gpio.o(i.GPIO_Init)
    GPIO_PinRemapConfig                      0x080015fd   Thumb Code   138  stm32f10x_gpio.o(i.GPIO_PinRemapConfig)
    GPIO_ReadInputDataBit                    0x0800168d   Thumb Code    18  stm32f10x_gpio.o(i.GPIO_ReadInputDataBit)
    GPIO_ReadOutputDataBit                   0x0800169f   Thumb Code    18  stm32f10x_gpio.o(i.GPIO_ReadOutputDataBit)
    GPIO_ResetBits                           0x080016b1   Thumb Code     4  stm32f10x_gpio.o(i.GPIO_ResetBits)
    GPIO_SetBits                             0x080016b5   Thumb Code     4  stm32f10x_gpio.o(i.GPIO_SetBits)
    GPIO_StructInit                          0x080016b9   Thumb Code    16  stm32f10x_gpio.o(i.GPIO_StructInit)
    GetAdcFormFifo                           0x080016c9   Thumb Code    28  bsp_spi_ad7606 .o(i.GetAdcFormFifo)
    KEY_Init                                 0x080016e9   Thumb Code    68  key.o(i.KEY_Init)
    LED_Init                                 0x08001735   Thumb Code    46  dio.o(i.LED_Init)
    LED_REVERSE                              0x08001771   Thumb Code    48  dio.o(i.LED_REVERSE)
    NVIC_Init                                0x080017a9   Thumb Code   100  misc.o(i.NVIC_Init)
    NVIC_PriorityGroupConfig                 0x08001819   Thumb Code    10  misc.o(i.NVIC_PriorityGroupConfig)
    Pre_read                                 0x0800182d   Thumb Code   108  main.o(i.Pre_read)
    RCC_ADCCLKConfig                         0x080018a9   Thumb Code    18  stm32f10x_rcc.o(i.RCC_ADCCLKConfig)
    RCC_AHBPeriphClockCmd                    0x080018c1   Thumb Code    26  stm32f10x_rcc.o(i.RCC_AHBPeriphClockCmd)
    RCC_APB1PeriphClockCmd                   0x080018e1   Thumb Code    26  stm32f10x_rcc.o(i.RCC_APB1PeriphClockCmd)
    RCC_APB2PeriphClockCmd                   0x08001901   Thumb Code    26  stm32f10x_rcc.o(i.RCC_APB2PeriphClockCmd)
    RCC_APB2PeriphResetCmd                   0x08001921   Thumb Code    26  stm32f10x_rcc.o(i.RCC_APB2PeriphResetCmd)
    RCC_GetClocksFreq                        0x08001941   Thumb Code   192  stm32f10x_rcc.o(i.RCC_GetClocksFreq)
    SPI_Cmd                                  0x08001a15   Thumb Code    24  stm32f10x_spi.o(i.SPI_Cmd)
    SPI_I2S_GetFlagStatus                    0x08001a2d   Thumb Code    18  stm32f10x_spi.o(i.SPI_I2S_GetFlagStatus)
    SPI_I2S_ReceiveData                      0x08001a3f   Thumb Code     6  stm32f10x_spi.o(i.SPI_I2S_ReceiveData)
    SPI_I2S_SendData                         0x08001a45   Thumb Code     4  stm32f10x_spi.o(i.SPI_I2S_SendData)
    SPI_Init                                 0x08001a49   Thumb Code    60  stm32f10x_spi.o(i.SPI_Init)
    SysTick_Handler                          0x08001b6d   Thumb Code    24  delay.o(i.SysTick_Handler)
    SysTick_init                             0x08001b8d   Thumb Code   114  delay.o(i.SysTick_init)
    SystemInit                               0x08001c09   Thumb Code    78  system_stm32f10x.o(i.SystemInit)
    TIM2_IRQHandler                          0x08001c69   Thumb Code    26  timer.o(i.TIM2_IRQHandler)
    TIM3_IRQHandler                          0x08001c85   Thumb Code    32  timer.o(i.TIM3_IRQHandler)
    TIM3_Int_Init                            0x08001cad   Thumb Code    90  timer.o(i.TIM3_Int_Init)
    TIM4_IRQHandler                          0x08001d0d   Thumb Code    26  timer.o(i.TIM4_IRQHandler)
    TIM4_Int_Init                            0x08001d2d   Thumb Code    90  timer.o(i.TIM4_Int_Init)
    TIM_ClearFlag                            0x08001d8d   Thumb Code     6  stm32f10x_tim.o(i.TIM_ClearFlag)
    TIM_ClearITPendingBit                    0x08001d93   Thumb Code     6  stm32f10x_tim.o(i.TIM_ClearITPendingBit)
    TIM_Cmd                                  0x08001d99   Thumb Code    24  stm32f10x_tim.o(i.TIM_Cmd)
    TIM_GetITStatus                          0x08001db1   Thumb Code    34  stm32f10x_tim.o(i.TIM_GetITStatus)
    TIM_ITConfig                             0x08001dd3   Thumb Code    18  stm32f10x_tim.o(i.TIM_ITConfig)
    TIM_TimeBaseInit                         0x08001de5   Thumb Code   122  stm32f10x_tim.o(i.TIM_TimeBaseInit)
    USART1_IRQHandler                        0x08001e89   Thumb Code   122  uart1.o(i.USART1_IRQHandler)
    USART2_IRQHandler                        0x08001f11   Thumb Code   118  uart2.o(i.USART2_IRQHandler)
    USART3_IRQHandler                        0x08001f99   Thumb Code   118  uart3.o(i.USART3_IRQHandler)
    USART_ClearITPendingBit                  0x08002021   Thumb Code    30  stm32f10x_usart.o(i.USART_ClearITPendingBit)
    USART_Cmd                                0x0800203f   Thumb Code    24  stm32f10x_usart.o(i.USART_Cmd)
    USART_GetITStatus                        0x08002057   Thumb Code    84  stm32f10x_usart.o(i.USART_GetITStatus)
    USART_ITConfig                           0x080020ab   Thumb Code    74  stm32f10x_usart.o(i.USART_ITConfig)
    USART_Init                               0x080020f5   Thumb Code   210  stm32f10x_usart.o(i.USART_Init)
    USART_ReceiveData                        0x080021cd   Thumb Code    10  stm32f10x_usart.o(i.USART_ReceiveData)
    USART_SendData                           0x080021d7   Thumb Code     8  stm32f10x_usart.o(i.USART_SendData)
    V2P                                      0x080021e1   Thumb Code    46  main.o(i.V2P)
    __0printf                                0x08002219   Thumb Code    22  printfa.o(i.__0printf)
    __1printf                                0x08002219   Thumb Code     0  printfa.o(i.__0printf)
    __2printf                                0x08002219   Thumb Code     0  printfa.o(i.__0printf)
    __c89printf                              0x08002219   Thumb Code     0  printfa.o(i.__0printf)
    printf                                   0x08002219   Thumb Code     0  printfa.o(i.__0printf)
    __scatterload_copy                       0x08002239   Thumb Code    14  handlers.o(i.__scatterload_copy)
    __scatterload_null                       0x08002247   Thumb Code     2  handlers.o(i.__scatterload_null)
    __scatterload_zeroinit                   0x08002249   Thumb Code    14  handlers.o(i.__scatterload_zeroinit)
    _is_digit                                0x080023dd   Thumb Code    14  scanf_fp.o(i._is_digit)
    ad7606_2_IRQSrc                          0x08002af5   Thumb Code    78  bsp_spi_ad7606_2.o(i.ad7606_2_IRQSrc)
    ad7606_2_ReadBytes                       0x08002b4d   Thumb Code    54  bsp_spi_ad7606_2.o(i.ad7606_2_ReadBytes)
    ad7606_2_StartConv                       0x08002b89   Thumb Code    18  bsp_spi_ad7606_2.o(i.ad7606_2_StartConv)
    ad7606_IRQSrc                            0x08002ba1   Thumb Code    78  bsp_spi_ad7606 .o(i.ad7606_IRQSrc)
    ad7606_ReadBytes                         0x08002bfd   Thumb Code    54  bsp_spi_ad7606 .o(i.ad7606_ReadBytes)
    ad7606_Reset                             0x08002c39   Thumb Code    20  bsp_spi_ad7606 .o(i.ad7606_Reset)
    ad7606_StartConv                         0x08002c51   Thumb Code    18  bsp_spi_ad7606 .o(i.ad7606_StartConv)
    bsp_InitAD7606                           0x08002c69   Thumb Code   286  bsp_spi_ad7606 .o(i.bsp_InitAD7606)
    delay_ms                                 0x08002d99   Thumb Code   158  delay.o(i.delay_ms)
    fn_mcp23017_iodir                        0x08002e41   Thumb Code    82  bsp_mcp23017.o(i.fn_mcp23017_iodir)
    fn_mcp23017_setports                     0x08002e93   Thumb Code    82  bsp_mcp23017.o(i.fn_mcp23017_setports)
    fputc                                    0x08002ee5   Thumb Code    24  uart1.o(i.fputc)
    i2c_delay                                0x08002f01   Thumb Code    14  bsp_mcp23017.o(i.i2c_delay)
    i2c_sendbyte                             0x08002f11   Thumb Code    86  bsp_mcp23017.o(i.i2c_sendbyte)
    i2c_start                                0x08002f6d   Thumb Code    48  bsp_mcp23017.o(i.i2c_start)
    i2c_stop                                 0x08002fa1   Thumb Code    32  bsp_mcp23017.o(i.i2c_stop)
    i2c_waitack                              0x08002fc5   Thumb Code    58  bsp_mcp23017.o(i.i2c_waitack)
    init_iic_mcp23017                        0x08003005   Thumb Code    42  bsp_mcp23017.o(i.init_iic_mcp23017)
    judge                                    0x08003035   Thumb Code   530  main.o(i.judge)
    main                                     0x08003275   Thumb Code   372  main.o(i.main)
    uart_init                                0x0800345d   Thumb Code   152  uart1.o(i.uart_init)
    __ctype_categories                       0x080034fc   Data          64  ctype_c.o(.constdata)
    Region$$Table$$Base                      0x0800353c   Number         0  anon$$obj.o(Region$$Table)
    Region$$Table$$Limit                     0x0800355c   Number         0  anon$$obj.o(Region$$Table)
    YAWCMD                                   0x20000000   Data           3  main.o(.data)
    ACCCMD                                   0x20000003   Data           3  main.o(.data)
    SLEEPCMD                                 0x20000006   Data           3  main.o(.data)
    UARTMODECMD                              0x20000009   Data           3  main.o(.data)
    IICMODECMD                               0x2000000c   Data           3  main.o(.data)
    stcAcc1                                  0x20000010   Data           8  main.o(.data)
    stcAcc2                                  0x20000018   Data           8  main.o(.data)
    stcGyro1                                 0x20000020   Data           8  main.o(.data)
    stcGyro2                                 0x20000028   Data           8  main.o(.data)
    stcAngle1                                0x20000030   Data           8  main.o(.data)
    stcAngle2                                0x20000038   Data           8  main.o(.data)
    yaw                                      0x20000040   Data           4  main.o(.data)
    pitch                                    0x20000044   Data           4  main.o(.data)
    roll                                     0x20000048   Data           4  main.o(.data)
    UART_RX_flag                             0x2000004c   Data           4  main.o(.data)
    i                                        0x20000050   Data           4  main.o(.data)
    mode                                     0x20000054   Data           4  main.o(.data)
    num_i                                    0x20000058   Data           4  main.o(.data)
    T_zero                                   0x2000005c   Data           4  main.o(.data)
    Pd                                       0x20000060   Data          52  main.o(.data)
    Td_num                                   0x20000094   Data          52  main.o(.data)
    Td_num0                                  0x200000c8   Data          52  main.o(.data)
    Pre_des_0                                0x200000fc   Data          32  main.o(.data)
    Dead_z                                   0x2000011c   Data           4  main.o(.data)
    flag                                     0x20000120   Data           4  main.o(.data)
    Time_lag                                 0x20000124   Data           4  main.o(.data)
    Dead_zone                                0x20000128   Data           4  main.o(.data)
    mode_clear_flag                          0x2000012c   Data           4  main.o(.data)
    V_Pin                                    0x20000130   Data           4  main.o(.data)
    V_Pout                                   0x20000134   Data           4  main.o(.data)
    number                                   0x20000138   Data          12  main.o(.data)
    a                                        0x20000144   Data           4  main.o(.data)
    b                                        0x20000148   Data           4  main.o(.data)
    c                                        0x2000014c   Data           4  main.o(.data)
    IO_Output1                               0x20000150   Data           2  main.o(.data)
    IO_Output2                               0x20000152   Data           2  main.o(.data)
    IO_num                                   0x20000154   Data           4  main.o(.data)
    Button_Flag                              0x20000158   Data           4  main.o(.data)
    start_flag                               0x2000015c   Data           4  main.o(.data)
    start_input                              0x20000160   Data           4  main.o(.data)
    stop_flag                                0x20000164   Data           4  main.o(.data)
    input                                    0x20000168   Data           4  main.o(.data)
    ucTimeFlag                               0x20000172   Data           1  delay.o(.data)
    ucDelayFlag                              0x20000173   Data           1  delay.o(.data)
    __stdout                                 0x20000174   Data           4  uart1.o(.data)
    USART_RX_STA                             0x20000178   Data           2  uart1.o(.data)
    ucLEDInitial                             0x2000017c   Data           1  dio.o(.data)
    Force1                                   0x20000194   Data          32  main.o(.bss)
    Force_2                                  0x200001b4   Data          32  main.o(.bss)
    Vadc                                     0x200001d4   Data          64  main.o(.bss)
    Td                                       0x20000214   Data          52  main.o(.bss)
    Td0                                      0x20000248   Data          52  main.o(.bss)
    Td_abs                                   0x2000027c   Data          52  main.o(.bss)
    Pnow                                     0x200002b0   Data          32  main.o(.bss)
    Pre_des                                  0x200002d0   Data          32  main.o(.bss)
    Pre_des_r                                0x200002f0   Data          32  main.o(.bss)
    Pre_flag                                 0x20000310   Data          32  main.o(.bss)
    Pre_Pflag                                0x20000330   Data          32  main.o(.bss)
    USART_RX_BUF                             0x20000544   Data         200  uart1.o(.bss)
    g_tAD                                    0x2000080c   Data        1030  bsp_spi_ad7606 .o(.bss)
    g_tAD_2                                  0x20000c42   Data        1030  bsp_spi_ad7606_2.o(.bss)
    __initial_sp                             0x20001478   Data           0  startup_stm32f10x_md.o(STACK)



==============================================================================

Memory Map of the image

  Image Entry point : 0x080000ed

  Load Region LR_IROM1 (Base: 0x08000000, Size: 0x000036f0, Max: 0x00010000, ABSOLUTE, COMPRESSED[0x000035b8])

    Execution Region ER_IROM1 (Exec base: 0x08000000, Load base: 0x08000000, Size: 0x0000355c, Max: 0x00010000, ABSOLUTE)

    Exec Addr    Load Addr    Size         Type   Attr      Idx    E Section Name        Object

    0x08000000   0x08000000   0x000000ec   Data   RO         2285    RESET               startup_stm32f10x_md.o
    0x080000ec   0x080000ec   0x00000000   Code   RO         2523  * .ARM.Collect$$$$00000000  mc_w.l(entry.o)
    0x080000ec   0x080000ec   0x00000004   Code   RO         2815    .ARM.Collect$$$$00000001  mc_w.l(entry2.o)
    0x080000f0   0x080000f0   0x00000004   Code   RO         2818    .ARM.Collect$$$$00000004  mc_w.l(entry5.o)
    0x080000f4   0x080000f4   0x00000000   Code   RO         2820    .ARM.Collect$$$$00000008  mc_w.l(entry7b.o)
    0x080000f4   0x080000f4   0x00000000   Code   RO         2822    .ARM.Collect$$$$0000000A  mc_w.l(entry8b.o)
    0x080000f4   0x080000f4   0x00000008   Code   RO         2823    .ARM.Collect$$$$0000000B  mc_w.l(entry9a.o)
    0x080000fc   0x080000fc   0x00000004   Code   RO         2830    .ARM.Collect$$$$0000000E  mc_w.l(entry12b.o)
    0x08000100   0x08000100   0x00000000   Code   RO         2825    .ARM.Collect$$$$0000000F  mc_w.l(entry10a.o)
    0x08000100   0x08000100   0x00000000   Code   RO         2827    .ARM.Collect$$$$00000011  mc_w.l(entry11a.o)
    0x08000100   0x08000100   0x00000004   Code   RO         2816    .ARM.Collect$$$$00002712  mc_w.l(entry2.o)
    0x08000104   0x08000104   0x00000024   Code   RO         2286    .text               startup_stm32f10x_md.o
    0x08000128   0x08000128   0x00000038   Code   RO         2789    .text               mc_w.l(__0sscanf.o)
    0x08000160   0x08000160   0x00000360   Code   RO         2791    .text               mc_w.l(scanf_fp.o)
    0x080004c0   0x080004c0   0x000000b0   Code   RO         2795    .text               mf_w.l(fadd.o)
    0x08000570   0x08000570   0x0000014e   Code   RO         2797    .text               mf_w.l(dadd.o)
    0x080006be   0x080006be   0x000000e4   Code   RO         2799    .text               mf_w.l(dmul.o)
    0x080007a2   0x080007a2   0x00000022   Code   RO         2801    .text               mf_w.l(dflti.o)
    0x080007c4   0x080007c4   0x00000026   Code   RO         2805    .text               mf_w.l(f2d.o)
    0x080007ea   0x080007ea   0x00000002   PAD
    0x080007ec   0x080007ec   0x00000030   Code   RO         2807    .text               mf_w.l(cdrcmple.o)
    0x0800081c   0x0800081c   0x00000038   Code   RO         2809    .text               mf_w.l(d2f.o)
    0x08000854   0x08000854   0x00000014   Code   RO         2811    .text               mf_w.l(cfcmple.o)
    0x08000868   0x08000868   0x0000002c   Code   RO         2831    .text               mc_w.l(uidiv.o)
    0x08000894   0x08000894   0x00000062   Code   RO         2833    .text               mc_w.l(uldiv.o)
    0x080008f6   0x080008f6   0x0000001e   Code   RO         2835    .text               mc_w.l(llshl.o)
    0x08000914   0x08000914   0x00000024   Code   RO         2837    .text               mc_w.l(llsshr.o)
    0x08000938   0x08000938   0x00000028   Code   RO         2839    .text               mc_w.l(scanf_char.o)
    0x08000960   0x08000960   0x00000040   Code   RO         2841    .text               mc_w.l(_sgetc.o)
    0x080009a0   0x080009a0   0x00000000   Code   RO         2843    .text               mc_w.l(iusefp.o)
    0x080009a0   0x080009a0   0x0000006e   Code   RO         2844    .text               mf_w.l(fepilogue.o)
    0x08000a0e   0x08000a0e   0x000000ba   Code   RO         2846    .text               mf_w.l(depilogue.o)
    0x08000ac8   0x08000ac8   0x000000de   Code   RO         2848    .text               mf_w.l(ddiv.o)
    0x08000ba6   0x08000ba6   0x00000018   Code   RO         2850    .text               mf_w.l(dfltul.o)
    0x08000bbe   0x08000bbe   0x00000030   Code   RO         2852    .text               mf_w.l(dfixul.o)
    0x08000bee   0x08000bee   0x00000002   PAD
    0x08000bf0   0x08000bf0   0x00000024   Code   RO         2854    .text               mc_w.l(init.o)
    0x08000c14   0x08000c14   0x00000020   Code   RO         2856    .text               mc_w.l(llushr.o)
    0x08000c34   0x08000c34   0x0000000a   Code   RO         2858    .text               mc_w.l(isspace_c.o)
    0x08000c3e   0x08000c3e   0x00000002   PAD
    0x08000c40   0x08000c40   0x00000330   Code   RO         2860    .text               mc_w.l(_scanf.o)
    0x08000f70   0x08000f70   0x00000028   Code   RO         2862    .text               mc_w.l(ctype_c.o)
    0x08000f98   0x08000f98   0x00000056   Code   RO         2873    .text               mc_w.l(__dczerorl2.o)
    0x08000fee   0x08000fee   0x00000002   PAD
    0x08000ff0   0x08000ff0   0x000001b0   Code   RO          538    i.AD7606_Disp       bsp_spi_ad7606 .o
    0x080011a0   0x080011a0   0x00000040   Code   RO          539    i.AD7606_Mak        bsp_spi_ad7606 .o
    0x080011e0   0x080011e0   0x00000016   Code   RO         2298    i.ADC_Cmd           stm32f10x_adc.o
    0x080011f6   0x080011f6   0x00000002   PAD
    0x080011f8   0x080011f8   0x0000005c   Code   RO         2300    i.ADC_DeInit        stm32f10x_adc.o
    0x08001254   0x08001254   0x00000014   Code   RO         2306    i.ADC_GetCalibrationStatus  stm32f10x_adc.o
    0x08001268   0x08001268   0x00000014   Code   RO         2312    i.ADC_GetResetCalibrationStatus  stm32f10x_adc.o
    0x0800127c   0x0800127c   0x00000050   Code   RO         2316    i.ADC_Init          stm32f10x_adc.o
    0x080012cc   0x080012cc   0x0000000a   Code   RO         2321    i.ADC_ResetCalibration  stm32f10x_adc.o
    0x080012d6   0x080012d6   0x0000000a   Code   RO         2325    i.ADC_StartCalibration  stm32f10x_adc.o
    0x080012e0   0x080012e0   0x0000008c   Code   RO          920    i.Adc_Init          adc.o
    0x0800136c   0x0800136c   0x00000094   Code   RO            5    i.CopeSerial2Data1  main.o
    0x08001400   0x08001400   0x00000094   Code   RO            6    i.CopeSerial2Data2  main.o
    0x08001494   0x08001494   0x00000050   Code   RO          384    i.DIO_Initial       dio.o
    0x080014e4   0x080014e4   0x00000116   Code   RO         1047    i.GPIO_Init         stm32f10x_gpio.o
    0x080015fa   0x080015fa   0x00000002   PAD
    0x080015fc   0x080015fc   0x00000090   Code   RO         1049    i.GPIO_PinRemapConfig  stm32f10x_gpio.o
    0x0800168c   0x0800168c   0x00000012   Code   RO         1051    i.GPIO_ReadInputDataBit  stm32f10x_gpio.o
    0x0800169e   0x0800169e   0x00000012   Code   RO         1053    i.GPIO_ReadOutputDataBit  stm32f10x_gpio.o
    0x080016b0   0x080016b0   0x00000004   Code   RO         1054    i.GPIO_ResetBits    stm32f10x_gpio.o
    0x080016b4   0x080016b4   0x00000004   Code   RO         1055    i.GPIO_SetBits      stm32f10x_gpio.o
    0x080016b8   0x080016b8   0x00000010   Code   RO         1056    i.GPIO_StructInit   stm32f10x_gpio.o
    0x080016c8   0x080016c8   0x00000020   Code   RO          540    i.GetAdcFormFifo    bsp_spi_ad7606 .o
    0x080016e8   0x080016e8   0x0000004c   Code   RO          900    i.KEY_Init          key.o
    0x08001734   0x08001734   0x0000003c   Code   RO          387    i.LED_Init          dio.o
    0x08001770   0x08001770   0x00000038   Code   RO          390    i.LED_REVERSE       dio.o
    0x080017a8   0x080017a8   0x00000070   Code   RO          994    i.NVIC_Init         misc.o
    0x08001818   0x08001818   0x00000014   Code   RO          995    i.NVIC_PriorityGroupConfig  misc.o
    0x0800182c   0x0800182c   0x0000007c   Code   RO            7    i.Pre_read          main.o
    0x080018a8   0x080018a8   0x00000018   Code   RO         1169    i.RCC_ADCCLKConfig  stm32f10x_rcc.o
    0x080018c0   0x080018c0   0x00000020   Code   RO         1170    i.RCC_AHBPeriphClockCmd  stm32f10x_rcc.o
    0x080018e0   0x080018e0   0x00000020   Code   RO         1171    i.RCC_APB1PeriphClockCmd  stm32f10x_rcc.o
    0x08001900   0x08001900   0x00000020   Code   RO         1173    i.RCC_APB2PeriphClockCmd  stm32f10x_rcc.o
    0x08001920   0x08001920   0x00000020   Code   RO         1174    i.RCC_APB2PeriphResetCmd  stm32f10x_rcc.o
    0x08001940   0x08001940   0x000000d4   Code   RO         1181    i.RCC_GetClocksFreq  stm32f10x_rcc.o
    0x08001a14   0x08001a14   0x00000018   Code   RO         1576    i.SPI_Cmd           stm32f10x_spi.o
    0x08001a2c   0x08001a2c   0x00000012   Code   RO         1584    i.SPI_I2S_GetFlagStatus  stm32f10x_spi.o
    0x08001a3e   0x08001a3e   0x00000006   Code   RO         1587    i.SPI_I2S_ReceiveData  stm32f10x_spi.o
    0x08001a44   0x08001a44   0x00000004   Code   RO         1588    i.SPI_I2S_SendData  stm32f10x_spi.o
    0x08001a48   0x08001a48   0x0000003c   Code   RO         1589    i.SPI_Init          stm32f10x_spi.o
    0x08001a84   0x08001a84   0x00000008   Code   RO          952    i.SetSysClock       system_stm32f10x.o
    0x08001a8c   0x08001a8c   0x000000e0   Code   RO          953    i.SetSysClockTo72   system_stm32f10x.o
    0x08001b6c   0x08001b6c   0x00000020   Code   RO          231    i.SysTick_Handler   delay.o
    0x08001b8c   0x08001b8c   0x0000007c   Code   RO          232    i.SysTick_init      delay.o
    0x08001c08   0x08001c08   0x00000060   Code   RO          955    i.SystemInit        system_stm32f10x.o
    0x08001c68   0x08001c68   0x0000001a   Code   RO          682    i.TIM2_IRQHandler   timer.o
    0x08001c82   0x08001c82   0x00000002   PAD
    0x08001c84   0x08001c84   0x00000028   Code   RO          684    i.TIM3_IRQHandler   timer.o
    0x08001cac   0x08001cac   0x00000060   Code   RO          685    i.TIM3_Int_Init     timer.o
    0x08001d0c   0x08001d0c   0x00000020   Code   RO          686    i.TIM4_IRQHandler   timer.o
    0x08001d2c   0x08001d2c   0x00000060   Code   RO          687    i.TIM4_Int_Init     timer.o
    0x08001d8c   0x08001d8c   0x00000006   Code   RO         1736    i.TIM_ClearFlag     stm32f10x_tim.o
    0x08001d92   0x08001d92   0x00000006   Code   RO         1737    i.TIM_ClearITPendingBit  stm32f10x_tim.o
    0x08001d98   0x08001d98   0x00000018   Code   RO         1742    i.TIM_Cmd           stm32f10x_tim.o
    0x08001db0   0x08001db0   0x00000022   Code   RO         1763    i.TIM_GetITStatus   stm32f10x_tim.o
    0x08001dd2   0x08001dd2   0x00000012   Code   RO         1767    i.TIM_ITConfig      stm32f10x_tim.o
    0x08001de4   0x08001de4   0x000000a4   Code   RO         1813    i.TIM_TimeBaseInit  stm32f10x_tim.o
    0x08001e88   0x08001e88   0x00000088   Code   RO          283    i.USART1_IRQHandler  uart1.o
    0x08001f10   0x08001f10   0x00000088   Code   RO          339    i.USART2_IRQHandler  uart2.o
    0x08001f98   0x08001f98   0x00000088   Code   RO          461    i.USART3_IRQHandler  uart3.o
    0x08002020   0x08002020   0x0000001e   Code   RO         1381    i.USART_ClearITPendingBit  stm32f10x_usart.o
    0x0800203e   0x0800203e   0x00000018   Code   RO         1384    i.USART_Cmd         stm32f10x_usart.o
    0x08002056   0x08002056   0x00000054   Code   RO         1388    i.USART_GetITStatus  stm32f10x_usart.o
    0x080020aa   0x080020aa   0x0000004a   Code   RO         1390    i.USART_ITConfig    stm32f10x_usart.o
    0x080020f4   0x080020f4   0x000000d8   Code   RO         1391    i.USART_Init        stm32f10x_usart.o
    0x080021cc   0x080021cc   0x0000000a   Code   RO         1398    i.USART_ReceiveData  stm32f10x_usart.o
    0x080021d6   0x080021d6   0x00000008   Code   RO         1401    i.USART_SendData    stm32f10x_usart.o
    0x080021de   0x080021de   0x00000002   PAD
    0x080021e0   0x080021e0   0x00000038   Code   RO           10    i.V2P               main.o
    0x08002218   0x08002218   0x00000020   Code   RO         2761    i.__0printf         mc_w.l(printfa.o)
    0x08002238   0x08002238   0x0000000e   Code   RO         2867    i.__scatterload_copy  mc_w.l(handlers.o)
    0x08002246   0x08002246   0x00000002   Code   RO         2868    i.__scatterload_null  mc_w.l(handlers.o)
    0x08002248   0x08002248   0x0000000e   Code   RO         2869    i.__scatterload_zeroinit  mc_w.l(handlers.o)
    0x08002256   0x08002256   0x00000002   PAD
    0x08002258   0x08002258   0x00000184   Code   RO         2768    i._fp_digits        mc_w.l(printfa.o)
    0x080023dc   0x080023dc   0x0000000e   Code   RO         2793    i._is_digit         mc_w.l(scanf_fp.o)
    0x080023ea   0x080023ea   0x00000002   PAD
    0x080023ec   0x080023ec   0x000006b4   Code   RO         2769    i._printf_core      mc_w.l(printfa.o)
    0x08002aa0   0x08002aa0   0x00000024   Code   RO         2770    i._printf_post_padding  mc_w.l(printfa.o)
    0x08002ac4   0x08002ac4   0x0000002e   Code   RO         2771    i._printf_pre_padding  mc_w.l(printfa.o)
    0x08002af2   0x08002af2   0x00000002   PAD
    0x08002af4   0x08002af4   0x00000058   Code   RO          616    i.ad7606_2_IRQSrc   bsp_spi_ad7606_2.o
    0x08002b4c   0x08002b4c   0x0000003c   Code   RO          617    i.ad7606_2_ReadBytes  bsp_spi_ad7606_2.o
    0x08002b88   0x08002b88   0x00000018   Code   RO          619    i.ad7606_2_StartConv  bsp_spi_ad7606_2.o
    0x08002ba0   0x08002ba0   0x0000005c   Code   RO          541    i.ad7606_IRQSrc     bsp_spi_ad7606 .o
    0x08002bfc   0x08002bfc   0x0000003c   Code   RO          542    i.ad7606_ReadBytes  bsp_spi_ad7606 .o
    0x08002c38   0x08002c38   0x00000018   Code   RO          543    i.ad7606_Reset      bsp_spi_ad7606 .o
    0x08002c50   0x08002c50   0x00000018   Code   RO          544    i.ad7606_StartConv  bsp_spi_ad7606 .o
    0x08002c68   0x08002c68   0x00000130   Code   RO          545    i.bsp_InitAD7606    bsp_spi_ad7606 .o
    0x08002d98   0x08002d98   0x000000a8   Code   RO          233    i.delay_ms          delay.o
    0x08002e40   0x08002e40   0x00000052   Code   RO          740    i.fn_mcp23017_iodir  bsp_mcp23017.o
    0x08002e92   0x08002e92   0x00000052   Code   RO          741    i.fn_mcp23017_setports  bsp_mcp23017.o
    0x08002ee4   0x08002ee4   0x0000001c   Code   RO          285    i.fputc             uart1.o
    0x08002f00   0x08002f00   0x0000000e   Code   RO          743    i.i2c_delay         bsp_mcp23017.o
    0x08002f0e   0x08002f0e   0x00000002   PAD
    0x08002f10   0x08002f10   0x0000005c   Code   RO          746    i.i2c_sendbyte      bsp_mcp23017.o
    0x08002f6c   0x08002f6c   0x00000034   Code   RO          747    i.i2c_start         bsp_mcp23017.o
    0x08002fa0   0x08002fa0   0x00000024   Code   RO          748    i.i2c_stop          bsp_mcp23017.o
    0x08002fc4   0x08002fc4   0x00000040   Code   RO          749    i.i2c_waitack       bsp_mcp23017.o
    0x08003004   0x08003004   0x00000030   Code   RO          750    i.init_iic_mcp23017  bsp_mcp23017.o
    0x08003034   0x08003034   0x00000240   Code   RO           14    i.judge             main.o
    0x08003274   0x08003274   0x000001e8   Code   RO           15    i.main              main.o
    0x0800345c   0x0800345c   0x000000a0   Code   RO          286    i.uart_init         uart1.o
    0x080034fc   0x080034fc   0x00000040   Data   RO         2863    .constdata          mc_w.l(ctype_c.o)
    0x0800353c   0x0800353c   0x00000020   Data   RO         2865    Region$$Table       anon$$obj.o


    Execution Region RW_IRAM1 (Exec base: 0x20000000, Load base: 0x0800355c, Size: 0x00001478, Max: 0x00005000, ABSOLUTE, COMPRESSED[0x0000005c])

    Exec Addr    Load Addr    Size         Type   Attr      Idx    E Section Name        Object

    0x20000000   COMPRESSED   0x0000016e   Data   RW           24    .data               main.o
    0x2000016e   COMPRESSED   0x00000006   Data   RW          235    .data               delay.o
    0x20000174   COMPRESSED   0x00000006   Data   RW          288    .data               uart1.o
    0x2000017a   COMPRESSED   0x00000002   Data   RW          341    .data               uart2.o
    0x2000017c   COMPRESSED   0x00000001   Data   RW          393    .data               dio.o
    0x2000017d   COMPRESSED   0x00000002   Data   RW          463    .data               uart3.o
    0x2000017f   COMPRESSED   0x00000014   Data   RW         1201    .data               stm32f10x_rcc.o
    0x20000193   COMPRESSED   0x00000001   PAD
    0x20000194        -       0x000003b0   Zero   RW           23    .bss                main.o
    0x20000544        -       0x000000c8   Zero   RW          287    .bss                uart1.o
    0x2000060c        -       0x00000100   Zero   RW          340    .bss                uart2.o
    0x2000070c        -       0x00000100   Zero   RW          462    .bss                uart3.o
    0x2000080c        -       0x00000436   Zero   RW          546    .bss                bsp_spi_ad7606 .o
    0x20000c42        -       0x00000436   Zero   RW          621    .bss                bsp_spi_ad7606_2.o
    0x20001078        -       0x00000400   Zero   RW         2283    STACK               startup_stm32f10x_md.o


==============================================================================

Image component sizes


      Code (inc. data)   RO Data    RW Data    ZI Data      Debug   Object Name

       140          8          0          0          0        619   adc.o
       470         26          0          0          0       4503   bsp_mcp23017.o
      1032         98          0          0       1078      28923   bsp_spi_ad7606 .o
       172         22          0          0       1078       4312   bsp_spi_ad7606_2.o
       324         28          0          6          0       3841   delay.o
       196         22          0          1          0       2306   dio.o
        76          8          0          0          0        523   key.o
      1540        232          0        366        944     239121   main.o
       132         22          0          0          0       3339   misc.o
        36          8        236          0       1024        852   startup_stm32f10x_md.o
       254         24          0          0          0      15267   stm32f10x_adc.o
       482          6          0          0          0      22997   stm32f10x_gpio.o
       364         50          0         20          0      15070   stm32f10x_rcc.o
       112          0          0          0          0      10926   stm32f10x_spi.o
       252         42          0          0          0      24626   stm32f10x_tim.o
       446          6          0          0          0      12389   stm32f10x_usart.o
       328         28          0          0          0       2053   system_stm32f10x.o
       290         26          0          0          0       2818   timer.o
       324         26          0          6        200       9964   uart1.o
       136         18          0          2        256       1332   uart2.o
       136         18          0          2        256       1332   uart3.o

    ----------------------------------------------------------------------
      7252        718        268        404       4836     407113   Object Totals
         0          0         32          0          0          0   (incl. Generated)
        10          0          0          1          0          0   (incl. Padding)

    ----------------------------------------------------------------------

      Code (inc. data)   RO Data    RW Data    ZI Data      Debug   Library Member Name

        56          8          0          0          0         84   __0sscanf.o
        86          0          0          0          0          0   __dczerorl2.o
       816          6          0          0          0        112   _scanf.o
        64          0          0          0          0         84   _sgetc.o
        40          6         64          0          0         68   ctype_c.o
         0          0          0          0          0          0   entry.o
         0          0          0          0          0          0   entry10a.o
         0          0          0          0          0          0   entry11a.o
         4          0          0          0          0          0   entry12b.o
         8          4          0          0          0          0   entry2.o
         4          0          0          0          0          0   entry5.o
         0          0          0          0          0          0   entry7b.o
         0          0          0          0          0          0   entry8b.o
         8          4          0          0          0          0   entry9a.o
        30          0          0          0          0          0   handlers.o
        36          8          0          0          0         68   init.o
        10          0          0          0          0         68   isspace_c.o
         0          0          0          0          0          0   iusefp.o
        30          0          0          0          0         68   llshl.o
        36          0          0          0          0         68   llsshr.o
        32          0          0          0          0         68   llushr.o
      2218         90          0          0          0        464   printfa.o
        40          8          0          0          0         84   scanf_char.o
       878         12          0          0          0        216   scanf_fp.o
        44          0          0          0          0         80   uidiv.o
        98          0          0          0          0         92   uldiv.o
        48          0          0          0          0         68   cdrcmple.o
        20          0          0          0          0         68   cfcmple.o
        56          0          0          0          0         88   d2f.o
       334          0          0          0          0        148   dadd.o
       222          0          0          0          0        100   ddiv.o
       186          0          0          0          0        176   depilogue.o
        48          0          0          0          0         68   dfixul.o
        34          0          0          0          0         76   dflti.o
        24          0          0          0          0         76   dfltul.o
       228          0          0          0          0         96   dmul.o
        38          0          0          0          0         68   f2d.o
       176          0          0          0          0        140   fadd.o
       110          0          0          0          0        168   fepilogue.o

    ----------------------------------------------------------------------
      6076        146         64          0          0       2964   Library Totals
        14          0          0          0          0          0   (incl. Padding)

    ----------------------------------------------------------------------

      Code (inc. data)   RO Data    RW Data    ZI Data      Debug   Library Name

      4538        146         64          0          0       1624   mc_w.l
      1524          0          0          0          0       1340   mf_w.l

    ----------------------------------------------------------------------
      6076        146         64          0          0       2964   Library Totals

    ----------------------------------------------------------------------

==============================================================================


      Code (inc. data)   RO Data    RW Data    ZI Data      Debug   

     13328        864        332        404       4836     404433   Grand Totals
     13328        864        332         92       4836     404433   ELF Image Totals (compressed)
     13328        864        332         92          0          0   ROM Totals

==============================================================================

    Total RO  Size (Code + RO Data)                13660 (  13.34kB)
    Total RW  Size (RW Data + ZI Data)              5240 (   5.12kB)
    Total ROM Size (Code + RO Data + RW Data)      13752 (  13.43kB)

==============================================================================

