<html>
<body>
<pre>
<h1>µVision Build Log</h1>
<h2>Tool Versions:</h2>
IDE-Version: ¦ÌVision V5.38.0.0
Copyright (C) 2022 ARM Ltd and ARM Germany GmbH. All rights reserved.
License Information: Allen Huang, UCSD, LIC=50D7S-LURM4-YDRK5-G9HQS-6AJNR-CFDXU
 
Tool Versions:
Toolchain:       MDK-ARM Professional  Version: 5.38.0.0
Toolchain Path:  D:\Programs\Keil\ARM\ARMCC\Bin
C Compiler:      Armcc.exe V5.06 update 7 (build 960)
Assembler:       Armasm.exe V5.06 update 7 (build 960)
Linker/Locator:  ArmLink.exe V5.06 update 7 (build 960)
Library Manager: ArmAr.exe V5.06 update 7 (build 960)
Hex Converter:   FromElf.exe V5.06 update 7 (build 960)
CPU DLL:         SARMCM3.DLL V5.38.0.0
Dialog DLL:      DCM.DLL V1.17.5.0
Target DLL:      STLink\ST-LINKIII-KEIL_SWO.dll V3.1.0.0
Dialog DLL:      TCM.DLL V1.56.4.0
 
<h2>Project:</h2>
D:\OneDrive - UC San Diego\Robotics Laboratory\Esnake\Control\training_one_step\MDK\Project.uvprojx
Project File Date:  07/03/2023

<h2>Output:</h2>
*** Using Compiler 'V5.06 update 7 (build 960)', folder: 'D:\Programs\Keil\ARM\ARMCC\Bin'
Build target 'Project'
compiling Main.c...
..\Source\APP\Main.c(440): warning:  #177-D: variable "Pmax"  was declared but never referenced
  	float Pmax=145,Pmin=50;
..\Source\APP\Main.c(440): warning:  #177-D: variable "Pmin"  was declared but never referenced
  	float Pmax=145,Pmin=50;
..\Source\APP\Main.c(506): warning:  #223-D: function "fn_mcp23017_2_setports" declared implicitly
  				fn_mcp23017_2_setports(IO_Output2);
..\Source\APP\Main.c(529): warning:  #223-D: function "abs" declared implicitly
  		Td_abs[i]=abs(Td[i]);
..\Source\APP\Main.c(603): warning:  #223-D: function "fn_mcp23017_2_setports" declared implicitly
  		fn_mcp23017_2_setports(IO_Output2);
..\Source\APP\Main.c(941): warning:  #223-D: function "abs" declared implicitly
      int abs_a = abs(*(const int*)a);
..\Source\APP\Main.c(959): warning:  #223-D: function "qsort" declared implicitly
  	qsort(arr, 3, sizeof(int), compare);
..\Source\APP\Main.c(994): warning:  #223-D: function "abs" declared implicitly
  		delay_ms(abs(arr[i])-abs(x));
..\Source\APP\Main.c(1005): warning:  #177-D: variable "finished"  was declared but never referenced
  	u8 finished = 0; // 0 for not finished, 1 for finished close-loop control
..\Source\APP\Main.c: 9 warnings, 0 errors
linking...
Program Size: Code=11468 RO-data=292 RW-data=436 ZI-data=4804  
FromELF: creating hex file...
".\Obj\Project.axf" - 0 Error(s), 9 Warning(s).

<h2>Software Packages used:</h2>

Package Vendor: ARM
                http://www.keil.com/pack/ARM.CMSIS.5.9.0.pack
                ARM.CMSIS.5.9.0
                CMSIS (Common Microcontroller Software Interface Standard)
   * Component: CORE Version: 5.6.0

Package Vendor: Keil
                https://www.keil.com/pack/Keil.STM32F1xx_DFP.2.4.1.pack
                Keil.STM32F1xx_DFP.2.4.1
                STMicroelectronics STM32F1 Series Device Support, Drivers and Examples

<h2>Collection of Component include folders:</h2>
  ./RTE/_Project
  C:/Users/27256/AppData/Local/Arm/Packs/ARM/CMSIS/5.9.0/CMSIS/Core/Include
  C:/Users/27256/AppData/Local/Arm/Packs/Keil/STM32F1xx_DFP/2.4.1/Device/Include

<h2>Collection of Component Files used:</h2>

   * Component: ARM::CMSIS:CORE:5.6.0
Build Time Elapsed:  00:00:00
</pre>
</body>
</html>
